integer      short   string                                                             string                                                           
adrelid      adnum   adbin                                                              adsrc                                                            
95           1       <null>                                                             <null>                                                           
95           2       <null>                                                             <null>                                                           
95           3       <null>                                                             <null>                                                           
95           4       <null>                                                             <null>                                                           
95           5       <null>                                                             <null>                                                           
95           6       <null>                                                             <null>                                                           
95           7       <null>                                                             <null>                                                           
95           8       <null>                                                             <null>                                                           
95           9       <null>                                                             <null>                                                           
95           10      <null>                                                             <null>                                                           
95           11      <null>                                                             <null>                                                           
95           12      <null>                                                             <null>                                                           
95           13      <null>                                                             <null>                                                           
95           14      <null>                                                             <null>                                                           
95           15      <null>                                                             <null>                                                           
95           16      <null>                                                             <null>                                                           
95           17      <null>                                                             <null>                                                           
95           18      <null>                                                             <null>                                                           
95           19      <null>                                                             <null>                                                           
95           20      <null>                                                             <null>                                                           
95           21      <null>                                                             <null>                                                           
95           22      <null>                                                             <null>                                                           
95           23      <null>                                                             <null>                                                           
95           24      <null>                                                             <null>                                                           
95           25      <null>                                                             <null>                                                           
95           26      <null>                                                             <null>                                                           
95           27      <null>                                                             <null>                                                           
95           28      <null>                                                             <null>                                                           
95           29      <null>                                                             <null>                                                           
95           30      <null>                                                             <null>                                                           
95           31      <null>                                                             <null>                                                           
140          1       <null>                                                             <null>                                                           
140          2       <null>                                                             <null>                                                           
140          3       <null>                                                             <null>                                                           
140          4       <null>                                                             <null>                                                           
140          5       <null>                                                             <null>                                                           
140          6       <null>                                                             <null>                                                           
140          7       <null>                                                             <null>                                                           
140          8       <null>                                                             <null>                                                           
140          9       <null>                                                             <null>                                                           
140          10      <null>                                                             <null>                                                           
140          11      <null>                                                             <null>                                                           
140          12      <null>                                                             <null>                                                           
140          13      <null>                                                             <null>                                                           
140          14      <null>                                                             <null>                                                           
140          15      <null>                                                             <null>                                                           
140          16      <null>                                                             <null>                                                           
140          17      <null>                                                             <null>                                                           
140          18      <null>                                                             <null>                                                           
140          19      <null>                                                             <null>                                                           
164          1       <null>                                                             <null>                                                           
164          2       <null>                                                             <null>                                                           
164          3       <null>                                                             <null>                                                           
164          4       <null>                                                             <null>                                                           
164          5       <null>                                                             <null>                                                           
164          6       <null>                                                             <null>                                                           
164          7       <null>                                                             <null>                                                           
164          8       <null>                                                             <null>                                                           
164          9       <null>                                                             <null>                                                           
164          10      <null>                                                             <null>                                                           
186          1       <null>                                                             <null>                                                           
186          2       <null>                                                             <null>                                                           
186          3       <null>                                                             <null>                                                           
186          4       <null>                                                             <null>                                                           
186          5       <null>                                                             <null>                                                           
186          6       <null>                                                             <null>                                                           
186          7       <null>                                                             <null>                                                           
186          8       <null>                                                             <null>                                                           
186          9       <null>                                                             <null>                                                           
186          10      <null>                                                             <null>                                                           
186          11      <null>                                                             <null>                                                           
326          1       <null>                                                             <null>                                                           
326          2       <null>                                                             <null>                                                           
326          3       <null>                                                             <null>                                                           
326          4       <null>                                                             <null>                                                           
326          5       <null>                                                             <null>                                                           
326          6       <null>                                                             <null>                                                           
326          7       <null>                                                             <null>                                                           
326          8       <null>                                                             <null>                                                           
326          9       <null>                                                             <null>                                                           
55           1       <null>                                                             <null>                                                           
55           2       <null>                                                             <null>                                                           
55           3       <null>                                                             <null>                                                           
55           4       <null>                                                             <null>                                                           
62           1       <null>                                                             <null>                                                           
62           2       <null>                                                             <null>                                                           
67           1       <null>                                                             <null>                                                           
67           2       <null>                                                             <null>                                                           
72           1       <null>                                                             <null>                                                           
72           2       <null>                                                             <null>                                                           
72           3       <null>                                                             <null>                                                           
72           4       <null>                                                             <null>                                                           
72           5       <null>                                                             <null>                                                           
82           1       <null>                                                             <null>                                                           
82           2       <null>                                                             <null>                                                           
82           3       <null>                                                             <null>                                                           
82           4       <null>                                                             <null>                                                           
209          1       <null>                                                             <null>                                                           
209          2       <null>                                                             <null>                                                           
209          3       <null>                                                             <null>                                                           
209          4       <null>                                                             <null>                                                           
209          5       <null>                                                             <null>                                                           
209          6       <null>                                                             <null>                                                           
209          7       <null>                                                             <null>                                                           
209          8       <null>                                                             <null>                                                           
209          9       <null>                                                             <null>                                                           
209          10      <null>                                                             <null>                                                           
209          11      <null>                                                             <null>                                                           
209          12      <null>                                                             <null>                                                           
209          13      <null>                                                             <null>                                                           
209          14      <null>                                                             <null>                                                           
209          15      <null>                                                             <null>                                                           
209          16      <null>                                                             <null>                                                           
239          1       <null>                                                             <null>                                                           
239          2       <null>                                                             <null>                                                           
239          3       <null>                                                             <null>                                                           
239          4       <null>                                                             <null>                                                           
239          5       <null>                                                             <null>                                                           
239          6       <null>                                                             <null>                                                           
239          7       <null>                                                             <null>                                                           
239          8       <null>                                                             <null>                                                           
257          1       <null>                                                             <null>                                                           
257          2       <null>                                                             <null>                                                           
257          3       <null>                                                             <null>                                                           
257          4       <null>                                                             <null>                                                           
257          5       <null>                                                             <null>                                                           
265          1       <null>                                                             <null>                                                           
265          2       <null>                                                             <null>                                                           
265          3       <null>                                                             <null>                                                           
265          4       <null>                                                             <null>                                                           
265          5       <null>                                                             <null>                                                           
265          6       <null>                                                             <null>                                                           
265          7       <null>                                                             <null>                                                           
265          8       <null>                                                             <null>                                                           
265          9       <null>                                                             <null>                                                           
265          10      <null>                                                             <null>                                                           
265          11      <null>                                                             <null>                                                           
265          12      <null>                                                             <null>                                                           
265          13      <null>                                                             <null>                                                           
265          14      <null>                                                             <null>                                                           
280          1       <null>                                                             <null>                                                           
280          2       <null>                                                             <null>                                                           
280          3       <null>                                                             <null>                                                           
280          4       <null>                                                             <null>                                                           
280          5       <null>                                                             <null>                                                           
280          6       <null>                                                             <null>                                                           
280          7       <null>                                                             <null>                                                           
293          1       <null>                                                             <null>                                                           
293          2       <null>                                                             <null>                                                           
293          3       <null>                                                             <null>                                                           
293          4       <null>                                                             <null>                                                           
293          5       <null>                                                             <null>                                                           
293          6       <null>                                                             <null>                                                           
293          7       <null>                                                             <null>                                                           
293          8       <null>                                                             <null>                                                           
293          9       <null>                                                             <null>                                                           
293          10      <null>                                                             <null>                                                           
293          11      <null>                                                             <null>                                                           
293          12      <null>                                                             <null>                                                           
293          13      <null>                                                             <null>                                                           
340          1       <null>                                                             <null>                                                           
340          2       <null>                                                             <null>                                                           
340          3       <null>                                                             <null>                                                           
340          4       <null>                                                             <null>                                                           
340          5       <null>                                                             <null>                                                           
340          6       <null>                                                             <null>                                                           
340          7       <null>                                                             <null>                                                           
340          8       <null>                                                             <null>                                                           
340          9       <null>                                                             <null>                                                           
352          1       <null>                                                             <null>                                                           
352          2       <null>                                                             <null>                                                           
352          3       <null>                                                             <null>                                                           
352          4       <null>                                                             <null>                                                           
352          5       <null>                                                             <null>                                                           
352          6       <null>                                                             <null>                                                           
352          7       <null>                                                             <null>                                                           
352          8       <null>                                                             <null>                                                           
352          9       <null>                                                             <null>                                                           
362          1       <null>                                                             <null>                                                           
362          2       <null>                                                             <null>                                                           
362          3       <null>                                                             <null>                                                           
362          4       <null>                                                             <null>                                                           
367          1       <null>                                                             <null>                                                           
367          2       <null>                                                             <null>                                                           
367          3       <null>                                                             <null>                                                           
367          4       <null>                                                             <null>                                                           
367          5       <null>                                                             <null>                                                           
367          6       <null>                                                             <null>                                                           
367          7       <null>                                                             <null>                                                           
367          8       <null>                                                             <null>                                                           
367          9       <null>                                                             <null>                                                           
379          1       <null>                                                             <null>                                                           
379          2       <null>                                                             <null>                                                           
382          1       <null>                                                             <null>                                                           
382          2       <null>                                                             <null>                                                           
382          3       <null>                                                             <null>                                                           
382          4       <null>                                                             <null>                                                           
382          5       <null>                                                             <null>                                                           
382          6       <null>                                                             <null>                                                           
382          7       <null>                                                             <null>                                                           
382          8       <null>                                                             <null>                                                           
382          9       <null>                                                             <null>                                                           
382          10      <null>                                                             <null>                                                           
395          1       <null>                                                             <null>                                                           
395          2       <null>                                                             <null>                                                           
395          3       <null>                                                             <null>                                                           
395          4       <null>                                                             <null>                                                           
395          5       <null>                                                             <null>                                                           
395          6       <null>                                                             <null>                                                           
395          7       <null>                                                             <null>                                                           
395          8       <null>                                                             <null>                                                           
395          9       <null>                                                             <null>                                                           
405          1       <null>                                                             <null>                                                           
405          2       <null>                                                             <null>                                                           
405          3       <null>                                                             <null>                                                           
405          4       <null>                                                             <null>                                                           
405          5       <null>                                                             <null>                                                           
405          6       <null>                                                             <null>                                                           
405          7       <null>                                                             <null>                                                           
405          8       <null>                                                             <null>                                                           
405          9       <null>                                                             <null>                                                           
405          10      <null>                                                             <null>                                                           
405          11      <null>                                                             <null>                                                           
417          1       <null>                                                             <null>                                                           
417          2       <null>                                                             <null>                                                           
417          3       <null>                                                             <null>                                                           
417          4       <null>                                                             <null>                                                           
Row Count : 259
getColumnName  getColumnType  getCatalogName  getColumnClassName  getColumnLabel  getColumnTypeName  getSchemaName  getTableName  getColumnDisplaySize  getPrecision  getScale  isAutoIncrement  isCaseSensitive  isCurrency  isDefinitelyWritable  isNullable  isReadOnly  isSearchable  isSigned  isWritable  
adrelid        4              PartsSupplier   java.lang.Integer   adrelid         integer            pg_catalog     pg_attrdef    11                    10            0         false            false            false       false                 1           true        true          true      false       
adnum          5              PartsSupplier   java.lang.Short     adnum           short              pg_catalog     pg_attrdef    6                     5             0         false            false            false       false                 1           true        true          true      false       
adbin          12             PartsSupplier   java.lang.String    adbin           string             pg_catalog     pg_attrdef    4000                  4000          0         false            true             false       false                 1           true        true          false     false       
adsrc          12             PartsSupplier   java.lang.String    adsrc           string             pg_catalog     pg_attrdef    4000                  4000          0         false            true             false       false                 1           true        true          false     false       
