integer      string                                                             integer       short   char     boolean     integer      integer      char      integer      integer      integer      string                                                           
oid          typname                                                            typnamespace  typlen  typtype  typnotnull  typbasetype  typtypmod    typdelim  typrelid     typelem      typinput     teiid_name                                                       
16           bool                                                               95            1       b        false       0            -1           ,         0            0            <null>       boolean                                                          
17           bytea                                                              95            -1      b        false       0            -1           ,         0            0            <null>       blob                                                             
1043         varchar                                                            95            -1      b        false       0            -1           ,         0            0            <null>       string                                                           
25           text                                                               95            -1      b        false       0            -1           ,         0            0            <null>       clob                                                             
1042         char                                                               95            1       b        false       0            -1           ,         0            0            <null>       <null>                                                           
21           int2                                                               95            2       b        false       0            -1           ,         0            0            <null>       short                                                            
20           int8                                                               95            8       b        false       0            -1           ,         0            0            <null>       long                                                             
23           int4                                                               95            4       b        false       0            -1           ,         0            0            <null>       integer                                                          
26           oid                                                                95            4       b        false       0            -1           ,         0            0            <null>       <null>                                                           
700          float4                                                             95            4       b        false       0            -1           ,         0            0            <null>       float                                                            
701          float8                                                             95            8       b        false       0            -1           ,         0            0            <null>       double                                                           
705          unknown                                                            95            -2      b        false       0            -1           ,         0            0            <null>       object                                                           
1082         date                                                               95            4       b        false       0            -1           ,         0            0            <null>       date                                                             
1083         time                                                               95            8       b        false       0            -1           ,         0            0            <null>       time                                                             
1114         timestamp                                                          95            8       b        false       0            -1           ,         0            0            <null>       timestamp                                                        
1700         numeric                                                            95            -1      b        false       0            -1           ,         0            0            <null>       bigdecimal                                                       
142          xml                                                                95            -1      b        false       0            -1           ,         0            0            <null>       xml                                                              
14939        lo                                                                 95            -1      b        false       0            -1           ,         0            0            <null>       <null>                                                           
32816        geometry                                                           95            -1      b        false       0            -1           ,         0            0            <null>       geometry                                                         
2278         void                                                               95            4       p        false       0            -1           ,         0            0            <null>       <null>                                                           
2249         record                                                             95            -1      p        false       0            -1           ,         0            0            <null>       <null>                                                           
30           oidvector                                                          95            -1      b        false       0            -1           ,         0            26           <null>       <null>                                                           
1000         _bool                                                              95            -1      b        false       0            -1           ,         0            16           <null>       boolean[]                                                        
1001         _bytea                                                             95            -1      b        false       0            -1           ,         0            17           <null>       blob[]                                                           
1002         _char                                                              95            -1      b        false       0            -1           ,         0            18           <null>       <null>                                                           
1005         _int2                                                              95            -1      b        false       0            -1           ,         0            21           <null>       short[]                                                          
1007         _int4                                                              95            -1      b        false       0            -1           ,         0            23           <null>       integer[]                                                        
1009         _text                                                              95            -1      b        false       0            -1           ,         0            25           <null>       clob[]                                                           
1028         _oid                                                               95            -1      b        false       0            -1           ,         0            26           <null>       <null>                                                           
1014         _bpchar                                                            95            -1      b        false       0            -1           ,         0            1042         <null>       <null>                                                           
1015         _varchar                                                           95            -1      b        false       0            -1           ,         0            1043         <null>       string[]                                                         
1016         _int8                                                              95            -1      b        false       0            -1           ,         0            20           <null>       long[]                                                           
1021         _float4                                                            95            -1      b        false       0            -1           ,         0            700          <null>       float[]                                                          
1022         _float8                                                            95            -1      b        false       0            -1           ,         0            701          <null>       double[]                                                         
1031         _numeric                                                           95            -1      b        false       0            -1           ,         0            1700         <null>       bigdecimal[]                                                     
1115         _timestamp                                                         95            -1      b        false       0            -1           ,         0            1114         <null>       timestamp[]                                                      
1182         _date                                                              95            -1      b        false       0            -1           ,         0            1082         <null>       date[]                                                           
1183         _time                                                              95            -1      b        false       0            -1           ,         0            1083         <null>       time[]                                                           
32824        _geometry                                                          95            -1      b        false       0            -1           ,         0            32816        <null>       geometry[]                                                       
143          _xml                                                               95            -1      b        false       0            -1           ,         0            142          <null>       xml[]                                                            
2287         _record                                                            95            -1      b        false       0            -1           ,         0            2249         <null>       <null>                                                           
2283         anyelement                                                         95            4       p        false       0            -1           ,         0            0            <null>       <null>                                                           
22           int2vector                                                         95            -1      b        false       0            -1           ,         0            0            <null>       <null>                                                           
Row Count : 43
getColumnName  getColumnType  getCatalogName  getColumnClassName  getColumnLabel  getColumnTypeName  getSchemaName  getTableName  getColumnDisplaySize  getPrecision  getScale  isAutoIncrement  isCaseSensitive  isCurrency  isDefinitelyWritable  isNullable  isReadOnly  isSearchable  isSigned  isWritable  
oid            4              PartsSupplier   java.lang.Integer   oid             integer            pg_catalog     pg_type       11                    10            0         false            false            false       false                 1           true        true          true      false       
typname        12             PartsSupplier   java.lang.String    typname         string             pg_catalog     pg_type       4000                  4000          0         false            true             false       false                 1           true        true          false     false       
typnamespace   4              PartsSupplier   java.lang.Integer   typnamespace    integer            pg_catalog     pg_type       11                    10            0         false            false            false       false                 1           true        true          true      false       
typlen         5              PartsSupplier   java.lang.Short     typlen          short              pg_catalog     pg_type       6                     5             0         false            false            false       false                 1           true        true          true      false       
typtype        1              PartsSupplier   java.lang.String    typtype         char               pg_catalog     pg_type       1                     1             0         false            true             false       false                 1           true        true          false     false       
typnotnull     -7             PartsSupplier   java.lang.Boolean   typnotnull      boolean            pg_catalog     pg_type       5                     1             0         false            false            false       false                 1           true        true          false     false       
typbasetype    4              PartsSupplier   java.lang.Integer   typbasetype     integer            pg_catalog     pg_type       11                    10            0         false            false            false       false                 1           true        true          true      false       
typtypmod      4              PartsSupplier   java.lang.Integer   typtypmod       integer            pg_catalog     pg_type       11                    10            0         false            false            false       false                 1           true        true          true      false       
typdelim       1              PartsSupplier   java.lang.String    typdelim        char               pg_catalog     pg_type       1                     1             0         false            true             false       false                 1           true        true          false     false       
typrelid       4              PartsSupplier   java.lang.Integer   typrelid        integer            pg_catalog     pg_type       11                    10            0         false            false            false       false                 1           true        true          true      false       
typelem        4              PartsSupplier   java.lang.Integer   typelem         integer            pg_catalog     pg_type       11                    10            0         false            false            false       false                 1           true        true          true      false       
typinput       4              PartsSupplier   java.lang.Integer   typinput        integer            pg_catalog     pg_type       11                    10            0         false            false            false       false                 1           true        true          true      false       
teiid_name     12             PartsSupplier   java.lang.String    teiid_name      string             pg_catalog     pg_type       4000                  4000          0         false            true             false       false                 1           true        true          false     false       
