integer      integer      integer      short     boolean         boolean      boolean       short[]                                                            string                                                             string                                                           
oid          indexrelid   indrelid     indnatts  indisclustered  indisunique  indisprimary  indkey                                                             indexprs                                                           indpred                                                          
61           61           56           1         false           true         true          [1]                                                                <null>                                                             <null>                                                           
66           66           63           1         false           true         true          [1]                                                                <null>                                                             <null>                                                           
71           71           68           1         false           true         true          [1]                                                                <null>                                                             <null>                                                           
79           79           73           1         false           true         true          [1]                                                                <null>                                                             <null>                                                           
81           81           73           1         false           false        false         [3]                                                                <null>                                                             <null>                                                           
88           88           83           2         false           true         true          [1, 2]                                                             <null>                                                             <null>                                                           
91           91           83           1         false           false        false         [2]                                                                <null>                                                             <null>                                                           
93           93           83           1         false           false        false         [1]                                                                <null>                                                             <null>                                                           
128          128          96           4         false           true         true          [1, 2, 3, 4]                                                       <null>                                                             <null>                                                           
133          133          96           3         false           false        false         [1, 2, 3]                                                          <null>                                                             <null>                                                           
137          137          96           1         false           true         false         [29]                                                               <null>                                                             <null>                                                           
159          159          139          1         false           true         true          [1]                                                                <null>                                                             <null>                                                           
161          161          139          1         false           true         false         [15]                                                               <null>                                                             <null>                                                           
179          179          163          4         false           true         true          [1, 2, 3, 5]                                                       <null>                                                             <null>                                                           
184          184          163          3         false           false        false         [1, 2, 3]                                                          <null>                                                             <null>                                                           
188          188          163          1         false           true         false         [14]                                                               <null>                                                             <null>                                                           
198          198          190          3         false           true         true          [1, 2, 3]                                                          <null>                                                             <null>                                                           
202          202          190          2         false           false        false         [1, 2]                                                             <null>                                                             <null>                                                           
205          205          190          1         false           true         false         [5]                                                                <null>                                                             <null>                                                           
226          226          215          4         false           true         true          [1, 2, 3, 4]                                                       <null>                                                             <null>                                                           
231          231          215          3         false           false        false         [1, 2, 3]                                                          <null>                                                             <null>                                                           
235          235          215          1         false           true         false         [8]                                                                <null>                                                             <null>                                                           
251          251          237          4         false           true         true          [1, 2, 3, 4]                                                       <null>                                                             <null>                                                           
256          256          237          3         false           false        false         [1, 2, 3]                                                          <null>                                                             <null>                                                           
260          260          237          1         false           true         false         [10]                                                               <null>                                                             <null>                                                           
279          279          262          4         false           true         true          [1, 2, 3, 4]                                                       <null>                                                             <null>                                                           
284          284          262          3         false           false        false         [1, 2, 3]                                                          <null>                                                             <null>                                                           
288          288          262          1         false           true         false         [14]                                                               <null>                                                             <null>                                                           
299          299          290          3         false           true         true          [1, 2, 3]                                                          <null>                                                             <null>                                                           
303          303          290          2         false           false        false         [1, 2]                                                             <null>                                                             <null>                                                           
306          306          290          1         false           true         false         [6]                                                                <null>                                                             <null>                                                           
314          314          308          2         false           true         false         [3, 1]                                                             <null>                                                             <null>                                                           
340          340          332          2         false           true         true          [1, 2]                                                             <null>                                                             <null>                                                           
343          343          332          1         false           true         false         [4]                                                                <null>                                                             <null>                                                           
351          351          345          1         false           true         true          [1]                                                                <null>                                                             <null>                                                           
367          367          353          3         false           true         true          [1, 2, 3]                                                          <null>                                                             <null>                                                           
371          371          353          2         false           false        false         [1, 2]                                                             <null>                                                             <null>                                                           
374          374          353          1         false           true         false         [8]                                                                <null>                                                             <null>                                                           
379          379          376          2         false           true         true          [1, 2]                                                             <null>                                                             <null>                                                           
399          399          389          3         false           true         true          [1, 2, 3]                                                          <null>                                                             <null>                                                           
409          409          403          3         false           true         true          [1, 2, 3]                                                          <null>                                                             <null>                                                           
413          413          403          1         false           true         false         [5]                                                                <null>                                                             <null>                                                           
425          425          415          4         false           true         true          [1, 2, 3, 4]                                                       <null>                                                             <null>                                                           
442          442          430          2         false           true         true          [2, 7]                                                             <null>                                                             <null>                                                           
448          448          445          1         false           true         true          [1]                                                                <null>                                                             <null>                                                           
456          456          450          3         false           true         true          [1, 2, 3]                                                          <null>                                                             <null>                                                           
460          460          450          1         false           true         false         [5]                                                                <null>                                                             <null>                                                           
537          537          529          2         false           true         true          [1, 3]                                                             <null>                                                             <null>                                                           
540          540          529          2         false           false        false         [2, 1]                                                             <null>                                                             <null>                                                           
551          551          543          3         false           true         true          [3, 4, 5]                                                          <null>                                                             <null>                                                           
555          555          543          2         false           false        false         [1, 2]                                                             <null>                                                             <null>                                                           
577          577          566          1         false           true         true          [1]                                                                <null>                                                             <null>                                                           
592          592          579          1         false           true         true          [1]                                                                <null>                                                             <null>                                                           
628          628          617          1         false           true         true          [1]                                                                <null>                                                             <null>                                                           
654          654          643          1         false           true         true          [1]                                                                <null>                                                             <null>                                                           
Row Count : 55
getColumnName   getColumnType  getCatalogName  getColumnClassName  getColumnLabel  getColumnTypeName  getSchemaName  getTableName  getColumnDisplaySize  getPrecision  getScale  isAutoIncrement  isCaseSensitive  isCurrency  isDefinitelyWritable  isNullable  isReadOnly  isSearchable  isSigned  isWritable  
oid             4              PartsSupplier   java.lang.Integer   oid             integer            pg_catalog     pg_index      11                    10            0         false            false            false       false                 1           true        true          true      false       
indexrelid      4              PartsSupplier   java.lang.Integer   indexrelid      integer            pg_catalog     pg_index      11                    10            0         false            false            false       false                 1           true        true          true      false       
indrelid        4              PartsSupplier   java.lang.Integer   indrelid        integer            pg_catalog     pg_index      11                    10            0         false            false            false       false                 1           true        true          true      false       
indnatts        5              PartsSupplier   java.lang.Short     indnatts        short              pg_catalog     pg_index      6                     5             0         false            false            false       false                 1           true        true          true      false       
indisclustered  -7             PartsSupplier   java.lang.Boolean   indisclustered  boolean            pg_catalog     pg_index      5                     1             0         false            false            false       false                 1           true        true          false     false       
indisunique     -7             PartsSupplier   java.lang.Boolean   indisunique     boolean            pg_catalog     pg_index      5                     1             0         false            false            false       false                 1           true        true          false     false       
indisprimary    -7             PartsSupplier   java.lang.Boolean   indisprimary    boolean            pg_catalog     pg_index      5                     1             0         false            false            false       false                 1           true        true          false     false       
indkey          2003           PartsSupplier   java.sql.Array      indkey          short[]            pg_catalog     pg_index      2147483647            4000          0         false            true             false       false                 1           true        true          false     false       
indexprs        12             PartsSupplier   java.lang.String    indexprs        string             pg_catalog     pg_index      4000                  4000          0         false            true             false       false                 1           true        true          false     false       
indpred         12             PartsSupplier   java.lang.String    indpred         string             pg_catalog     pg_index      4000                  4000          0         false            true             false       false                 1           true        true          false     false       
