integer      string                                                             integer       char     integer      integer      float      integer      boolean      boolean     string                                                             string[]                                                         
oid          relname                                                            relnamespace  relkind  relowner     relam        reltuples  relpages     relhasrules  relhasoids  relnspname                                                         reloptions                                                       
22           PARTSSUPPLIER.PARTS                                                21            r        0            0            0.0        0            false        false       PartsSupplier                                                      <null>                                                           
27           PK_PARTS                                                           27            i        0            0            0.0        0            false        false       PartsSupplier                                                      <null>                                                           
29           PARTSSUPPLIER.SHIP_VIA                                             21            r        0            0            0.0        0            false        false       PartsSupplier                                                      <null>                                                           
32           PK_SHIP_VIA                                                        32            i        0            0            0.0        0            false        false       PartsSupplier                                                      <null>                                                           
34           PARTSSUPPLIER.STATUS                                               21            r        0            0            0.0        0            false        false       PartsSupplier                                                      <null>                                                           
37           PK_STATUS                                                          37            i        0            0            0.0        0            false        false       PartsSupplier                                                      <null>                                                           
39           PARTSSUPPLIER.SUPPLIER                                             21            r        0            0            0.0        0            false        false       PartsSupplier                                                      <null>                                                           
45           PK_SUPPLIER                                                        45            i        0            0            0.0        0            false        false       PartsSupplier                                                      <null>                                                           
49           PARTSSUPPLIER.SUPPLIER_PARTS                                       21            r        0            0            0.0        0            false        false       PartsSupplier                                                      <null>                                                           
54           PK_SUPPLIER_PARTS                                                  54            i        0            0            0.0        0            false        false       PartsSupplier                                                      <null>                                                           
62           Columns                                                            61            r        0            0            0.0        0            false        false       SYS                                                                <null>                                                           
97           PK                                                                 97            i        0            0            0.0        0            false        false       SYS                                                                <null>                                                           
108          UNIQUE0                                                            108           i        0            0            0.0        0            false        false       SYS                                                                <null>                                                           
110          DataTypes                                                          61            r        0            0            0.0        0            false        false       SYS                                                                <null>                                                           
132          PK                                                                 132           i        0            0            0.0        0            false        false       SYS                                                                <null>                                                           
134          UNIQUE0                                                            134           i        0            0            0.0        0            false        false       SYS                                                                <null>                                                           
136          FunctionParams                                                     61            r        0            0            0.0        0            false        false       SYS                                                                <null>                                                           
155          PK                                                                 155           i        0            0            0.0        0            false        false       SYS                                                                <null>                                                           
164          UNIQUE0                                                            164           i        0            0            0.0        0            false        false       SYS                                                                <null>                                                           
166          Functions                                                          61            r        0            0            0.0        0            false        false       SYS                                                                <null>                                                           
174          PK                                                                 174           i        0            0            0.0        0            false        false       SYS                                                                <null>                                                           
181          UNIQUE0                                                            181           i        0            0            0.0        0            false        false       SYS                                                                <null>                                                           
183          GEOMETRY_COLUMNS                                                   61            v        0            0            0.0        0            false        false       SYS                                                                <null>                                                           
191          KeyColumns                                                         61            r        0            0            0.0        0            false        false       SYS                                                                <null>                                                           
202          PK                                                                 202           i        0            0            0.0        0            false        false       SYS                                                                <null>                                                           
213          UNIQUE0                                                            213           i        0            0            0.0        0            false        false       SYS                                                                <null>                                                           
215          Keys                                                               61            r        0            0            0.0        0            false        false       SYS                                                                <null>                                                           
231          PK                                                                 231           i        0            0            0.0        0            false        false       SYS                                                                <null>                                                           
240          UNIQUE0                                                            240           i        0            0            0.0        0            false        false       SYS                                                                <null>                                                           
242          ProcedureParams                                                    61            r        0            0            0.0        0            false        false       SYS                                                                <null>                                                           
262          PK                                                                 262           i        0            0            0.0        0            false        false       SYS                                                                <null>                                                           
271          UNIQUE0                                                            271           i        0            0            0.0        0            false        false       SYS                                                                <null>                                                           
273          Procedures                                                         61            r        0            0            0.0        0            false        false       SYS                                                                <null>                                                           
282          PK                                                                 282           i        0            0            0.0        0            false        false       SYS                                                                <null>                                                           
291          UNIQUE0                                                            291           i        0            0            0.0        0            false        false       SYS                                                                <null>                                                           
293          Properties                                                         61            r        0            0            0.0        0            false        false       SYS                                                                <null>                                                           
298          UNIQUE0                                                            298           i        0            0            0.0        0            false        false       SYS                                                                <null>                                                           
301          ReferenceKeyColumns                                                61            r        0            0            0.0        0            false        false       SYS                                                                <null>                                                           
317          Schemas                                                            61            r        0            0            0.0        0            false        false       SYS                                                                <null>                                                           
324          PK                                                                 324           i        0            0            0.0        0            false        false       SYS                                                                <null>                                                           
327          UNIQUE0                                                            327           i        0            0            0.0        0            false        false       SYS                                                                <null>                                                           
329          spatial_ref_sys                                                    61            v        0            0            0.0        0            false        false       SYS                                                                <null>                                                           
335          PK                                                                 335           i        0            0            0.0        0            false        false       SYS                                                                <null>                                                           
337          Tables                                                             61            r        0            0            0.0        0            false        false       SYS                                                                <null>                                                           
351          PK                                                                 351           i        0            0            0.0        0            false        false       SYS                                                                <null>                                                           
360          UNIQUE0                                                            360           i        0            0            0.0        0            false        false       SYS                                                                <null>                                                           
362          VirtualDatabases                                                   61            r        0            0            0.0        0            false        false       SYS                                                                <null>                                                           
366          PK                                                                 366           i        0            0            0.0        0            false        false       SYS                                                                <null>                                                           
376          MatViews                                                           375           r        0            0            0.0        0            false        false       SYSADMIN                                                           <null>                                                           
386          PK                                                                 386           i        0            0            0.0        0            false        false       SYSADMIN                                                           <null>                                                           
390          StoredProcedures                                                   375           r        0            0            0.0        0            false        false       SYSADMIN                                                           <null>                                                           
396          PK                                                                 396           i        0            0            0.0        0            false        false       SYSADMIN                                                           <null>                                                           
400          UNIQUE0                                                            400           i        0            0            0.0        0            false        false       SYSADMIN                                                           <null>                                                           
402          Triggers                                                           375           r        0            0            0.0        0            false        false       SYSADMIN                                                           <null>                                                           
412          PK                                                                 412           i        0            0            0.0        0            false        false       SYSADMIN                                                           <null>                                                           
417          Usage                                                              375           r        0            0            0.0        0            false        false       SYSADMIN                                                           <null>                                                           
429          PK                                                                 429           i        0            0            0.0        0            false        false       SYSADMIN                                                           <null>                                                           
432          VDBResources                                                       375           r        0            0            0.0        0            false        false       SYSADMIN                                                           <null>                                                           
435          PK                                                                 435           i        0            0            0.0        0            false        false       SYSADMIN                                                           <null>                                                           
437          Views                                                              375           r        0            0            0.0        0            false        false       SYSADMIN                                                           <null>                                                           
443          PK                                                                 443           i        0            0            0.0        0            false        false       SYSADMIN                                                           <null>                                                           
447          UNIQUE0                                                            447           i        0            0            0.0        0            false        false       SYSADMIN                                                           <null>                                                           
513          geography_columns                                                  512           v        0            0            0.0        0            false        false       pg_catalog                                                         <null>                                                           
521          matpg_datatype                                                     512           v        0            0            0.0        0            false        false       pg_catalog                                                         <null>                                                           
529          matpg_datatype_names                                               529           i        0            0            0.0        0            false        false       pg_catalog                                                         <null>                                                           
532          matpg_datatype_ids                                                 532           i        0            0            0.0        0            false        false       pg_catalog                                                         <null>                                                           
535          pg_am                                                              512           v        0            0            0.0        0            false        false       pg_catalog                                                         <null>                                                           
538          pg_attrdef                                                         512           v        0            0            0.0        0            false        false       pg_catalog                                                         <null>                                                           
543          pg_attribute                                                       512           v        0            0            0.0        0            false        false       pg_catalog                                                         <null>                                                           
554          pk_pg_attr                                                         554           i        0            0            0.0        0            false        false       pg_catalog                                                         <null>                                                           
556          pg_class                                                           512           v        0            0            0.0        0            false        false       pg_catalog                                                         <null>                                                           
569          pk_pg_class                                                        569           i        0            0            0.0        0            false        false       pg_catalog                                                         <null>                                                           
571          pg_constraint                                                      512           v        0            0            0.0        0            false        false       pg_catalog                                                         <null>                                                           
582          pg_database                                                        512           v        0            0            0.0        0            false        false       pg_catalog                                                         <null>                                                           
592          pg_description                                                     512           v        0            0            0.0        0            false        false       pg_catalog                                                         <null>                                                           
597          pg_index                                                           512           v        0            0            0.0        0            false        false       pg_catalog                                                         <null>                                                           
609          pk_pg_index                                                        609           i        0            0            0.0        0            false        false       pg_catalog                                                         <null>                                                           
611          pg_inherits                                                        512           v        0            0            0.0        0            false        false       pg_catalog                                                         <null>                                                           
615          pg_namespace                                                       512           v        0            0            0.0        0            false        false       pg_catalog                                                         <null>                                                           
619          pg_prepared_xacts                                                  512           v        0            0            0.0        0            false        false       pg_catalog                                                         <null>                                                           
624          pg_proc                                                            512           v        0            0            0.0        0            false        false       pg_catalog                                                         <null>                                                           
635          pk_pg_proc                                                         635           i        0            0            0.0        0            false        false       pg_catalog                                                         <null>                                                           
637          pg_stats                                                           512           v        0            0            0.0        0            false        false       pg_catalog                                                         <null>                                                           
641          pg_trigger                                                         512           v        0            0            0.0        0            false        false       pg_catalog                                                         <null>                                                           
651          pg_type                                                            512           v        0            0            0.0        0            false        false       pg_catalog                                                         <null>                                                           
667          pg_user                                                            512           v        0            0            0.0        0            false        false       pg_catalog                                                         <null>                                                           
Row Count : 86
getColumnName  getColumnType  getCatalogName  getColumnClassName  getColumnLabel  getColumnTypeName  getSchemaName  getTableName  getColumnDisplaySize  getPrecision  getScale  isAutoIncrement  isCaseSensitive  isCurrency  isDefinitelyWritable  isNullable  isReadOnly  isSearchable  isSigned  isWritable  
oid            4              PartsSupplier   java.lang.Integer   oid             integer            pg_catalog     pg_class      11                    10            0         false            false            false       false                 1           true        true          true      false       
relname        12             PartsSupplier   java.lang.String    relname         string             pg_catalog     pg_class      4000                  4000          0         false            true             false       false                 1           true        true          false     false       
relnamespace   4              PartsSupplier   java.lang.Integer   relnamespace    integer            pg_catalog     pg_class      11                    10            0         false            false            false       false                 1           true        true          true      false       
relkind        1              PartsSupplier   java.lang.String    relkind         char               pg_catalog     pg_class      1                     1             0         false            true             false       false                 1           true        true          false     false       
relowner       4              PartsSupplier   java.lang.Integer   relowner        integer            pg_catalog     pg_class      11                    10            0         false            false            false       false                 1           true        true          true      false       
relam          4              PartsSupplier   java.lang.Integer   relam           integer            pg_catalog     pg_class      11                    10            0         false            false            false       false                 1           true        true          true      false       
reltuples      7              PartsSupplier   java.lang.Float     reltuples       float              pg_catalog     pg_class      9                     7             3         false            false            false       false                 1           true        true          true      false       
relpages       4              PartsSupplier   java.lang.Integer   relpages        integer            pg_catalog     pg_class      11                    10            0         false            false            false       false                 1           true        true          true      false       
relhasrules    -7             PartsSupplier   java.lang.Boolean   relhasrules     boolean            pg_catalog     pg_class      5                     1             0         false            false            false       false                 1           true        true          false     false       
relhasoids     -7             PartsSupplier   java.lang.Boolean   relhasoids      boolean            pg_catalog     pg_class      5                     1             0         false            false            false       false                 1           true        true          false     false       
relnspname     12             PartsSupplier   java.lang.String    relnspname      string             pg_catalog     pg_class      4000                  4000          0         false            true             false       false                 1           true        true          false     false       
reloptions     2003           PartsSupplier   java.sql.Array      reloptions      string[]           pg_catalog     pg_class      2147483647            4000          0         false            true             false       false                 1           true        true          false     false       
