string                                                             short   string                                                             string                                                             string                                                           
attname                                                            attnum  relname                                                            nspname                                                            relname                                                          
PART_ID                                                            1       PARTSSUPPLIER.PARTS                                                PartsSupplier                                                      PARTSSUPPLIER.PARTS                                              
SHIPPER_ID                                                         1       PARTSSUPPLIER.SHIP_VIA                                             PartsSupplier                                                      PARTSSUPPLIER.SHIP_VIA                                           
STATUS_ID                                                          1       PARTSSUPPLIER.STATUS                                               PartsSupplier                                                      PARTSSUPPLIER.STATUS                                             
SUPPLIER_ID                                                        1       PARTSSUPPLIER.SUPPLIER                                             PartsSupplier                                                      PARTSSUPPLIER.SUPPLIER                                           
SUPPLIER_ID                                                        1       Columns                                                            PartsSupplier                                                      PARTSSUPPLIER.SUPPLIER_PARTS                                     
PART_ID                                                            1       DataTypes                                                          PartsSupplier                                                      PARTSSUPPLIER.SUPPLIER_PARTS                                     
oid                                                                1       ProcedureParams                                                    pg_catalog                                                         matpg_datatype                                                   
name                                                               1       Procedures                                                         pg_catalog                                                         matpg_datatype                                                   
attname                                                            1       Schemas                                                            pg_catalog                                                         matpg_relatt                                                     
relname                                                            1       Tables                                                             pg_catalog                                                         matpg_relatt                                                     
nspname                                                            1       VirtualDatabases                                                   pg_catalog                                                         matpg_relatt                                                     
oid                                                                1       matpg_datatype                                                     pg_catalog                                                         pg_attribute                                                     
oid                                                                1       matpg_relatt                                                       pg_catalog                                                         pg_class                                                         
oid                                                                1       pg_am                                                              pg_catalog                                                         pg_index                                                         
oid                                                                1       pg_attrdef                                                         pg_catalog                                                         pg_proc                                                          
Row Count : 15
getColumnName  getColumnType  getCatalogName  getColumnClassName  getColumnLabel  getColumnTypeName  getSchemaName  getTableName  getColumnDisplaySize  getPrecision  getScale  isAutoIncrement  isCaseSensitive  isCurrency  isDefinitelyWritable  isNullable  isReadOnly  isSearchable  isSigned  isWritable  
attname        12             PartsSupplier   java.lang.String    attname         string             pg_catalog     pg_attribute  4000                  4000          0         false            true             false       false                 1           true        true          false     false       
attnum         5              PartsSupplier   java.lang.Short     attnum          short              pg_catalog     pg_attribute  6                     5             0         false            false            false       false                 1           true        true          true      false       
relname        12             PartsSupplier   java.lang.String    relname         string             pg_catalog     pg_class      4000                  4000          0         false            true             false       false                 1           true        true          false     false       
nspname        12             PartsSupplier   java.lang.String    nspname         string             pg_catalog     pg_namespace  4000                  4000          0         false            true             false       false                 1           true        true          false     false       
relname        12             PartsSupplier   java.lang.String    relname         string             pg_catalog     pg_class      4000                  4000          0         false            true             false       false                 1           true        true          false     false       
