string                                                             string                                                             string                                            
Name                                                               Value                                                              UID                                               
NugentXAttribute                                                   Nuuuuuge22222                                                      mmuuid:4789b280-841c-1f15-9526-ebd0cace03e1       
NugentYAttribute                                                   Nuuuuuge44444                                                      mmuuid:4789b280-841c-1f15-9526-ebd0cace03e1       
pg_type:oid                                                        30                                                                 mmuid:bcbed548-176c-4116-a5d6-7638cb0206e1        
pg_type:oid                                                        1009                                                               mmuid:a385751f-a31a-4d5d-9197-3fbd390b0251        
pg_type:oid                                                        1002                                                               mmuid:e5715456-245f-4846-b90b-01d06d1c3672        
pg_type:oid                                                        1028                                                               mmuid:9569efdb-21b2-4b4f-a2db-e7406267b8ed        
Row Count : 6
getColumnName  getColumnType  getCatalogName  getColumnClassName  getColumnLabel  getColumnTypeName  getSchemaName  getTableName  getColumnDisplaySize  getPrecision  getScale  isAutoIncrement  isCaseSensitive  isCurrency  isDefinitelyWritable  isNullable  isReadOnly  isSearchable  isSigned  isWritable  
Name           12             xmlvp           java.lang.String    Name            string             SYS            Properties    255                   255           0         false            true             false       false                 0           true        true          true      false       
Value          12             xmlvp           java.lang.String    Value           string             SYS            Properties    255                   255           0         false            true             false       false                 0           true        true          true      false       
UID            12             xmlvp           java.lang.String    UID             string             SYS            Properties    50                    50            0         false            false            false       false                 0           true        true          true      false       
