string                                                             string                                                             string                                                             string                                                             integer      integer      string                     integer      integer      short   integer      integer      string                                                             string                                                             integer           string                                                             string                                            
Function_CAT                                                       FUNCTION_SCHEM                                                     FUNCTION_NAME                                                      COLUMN_NAME                                                        COLUMN_TYPE  DATA_TYPE    TYPE_NAME                  PRECISION    LENGTH       SCALE   RADIX        NULLABLE     REMARKS                                                            CHAR_OCTET_LENGTH                                                  ORDINAL_POSITION  IS_NULLABLE                                                        SPECIFIC_NAME                                     
QT_Ora9DS                                                          pg_catalog                                                         asPGVector                                                         result                                                             4            2000         object                     2147483647   2147483647   0       0            1            <null>                                                             <null>                                                             0                 YES                                                                tid:7ff2755e9621-e548fc4c-0000007b                
QT_Ora9DS                                                          pg_catalog                                                         asPGVector                                                         param1                                                             1            2000         object                     2147483647   2147483647   0       0            1            <null>                                                             <null>                                                             1                 YES                                                                tid:7ff2755e9621-e548fc4c-0000007b                
QT_Ora9DS                                                          pg_catalog                                                         getOid                                                             result                                                             4            4            integer                    10           4            0       10           1            <null>                                                             <null>                                                             0                 YES                                                                tid:7ff2755e9621-b5885e94-0000007c                
QT_Ora9DS                                                          pg_catalog                                                         getOid                                                             param1                                                             1            12           string                     4000         4000         0       0            1            <null>                                                             <null>                                                             1                 YES                                                                tid:7ff2755e9621-b5885e94-0000007c                
QT_Ora9DS                                                          pg_catalog                                                         has_function_privilege                                             result                                                             4            -7           boolean                    1            1            0       10           1            <null>                                                             <null>                                                             0                 YES                                                                tid:7ff2755e9621-6e44e0cf-00000078                
QT_Ora9DS                                                          pg_catalog                                                         has_function_privilege                                             param1                                                             1            4            integer                    10           4            0       10           1            <null>                                                             <null>                                                             1                 YES                                                                tid:7ff2755e9621-6e44e0cf-00000078                
QT_Ora9DS                                                          pg_catalog                                                         has_function_privilege                                             param2                                                             1            12           string                     4000         4000         0       0            1            <null>                                                             <null>                                                             2                 YES                                                                tid:7ff2755e9621-6e44e0cf-00000078                
QT_Ora9DS                                                          pg_catalog                                                         pg_client_encoding                                                 result                                                             4            12           string                     4000         4000         0       0            1            <null>                                                             <null>                                                             0                 YES                                                                tid:7ff2755e9621-267c14ff-0000007d                
QT_Ora9DS                                                          pg_catalog                                                         pg_get_expr                                                        result                                                             4            12           string                     4000         4000         0       0            1            <null>                                                             <null>                                                             0                 YES                                                                tid:7ff2755e9621-e8caf286-00000079                
QT_Ora9DS                                                          pg_catalog                                                         pg_get_expr                                                        param1                                                             1            12           string                     4000         4000         0       0            1            <null>                                                             <null>                                                             1                 YES                                                                tid:7ff2755e9621-e8caf286-00000079                
QT_Ora9DS                                                          pg_catalog                                                         pg_get_expr                                                        param2                                                             1            4            integer                    10           4            0       10           1            <null>                                                             <null>                                                             2                 YES                                                                tid:7ff2755e9621-e8caf286-00000079                
QT_Ora9DS                                                          pg_catalog                                                         pg_get_expr                                                        result                                                             4            12           string                     4000         4000         0       0            1            <null>                                                             <null>                                                             0                 YES                                                                tid:7ff2755e9621-e8caf286-0000007a                
QT_Ora9DS                                                          pg_catalog                                                         pg_get_expr                                                        param1                                                             1            12           string                     4000         4000         0       0            1            <null>                                                             <null>                                                             1                 YES                                                                tid:7ff2755e9621-e8caf286-0000007a                
QT_Ora9DS                                                          pg_catalog                                                         pg_get_expr                                                        param2                                                             1            4            integer                    10           4            0       10           1            <null>                                                             <null>                                                             2                 YES                                                                tid:7ff2755e9621-e8caf286-0000007a                
QT_Ora9DS                                                          pg_catalog                                                         pg_get_expr                                                        param3                                                             1            -7           boolean                    1            1            0       10           1            <null>                                                             <null>                                                             3                 YES                                                                tid:7ff2755e9621-e8caf286-0000007a                
Row Count : 15
getColumnName      getColumnType  getCatalogName  getColumnClassName  getColumnLabel     getColumnTypeName  getSchemaName  getTableName    getColumnDisplaySize  getPrecision  getScale  isAutoIncrement  isCaseSensitive  isCurrency  isDefinitelyWritable  isNullable  isReadOnly  isSearchable  isSigned  isWritable  
VDBName            12             QT_Ora9DS       java.lang.String    Function_CAT       string             SYS            FunctionParams  255                   255           0         false            true             false       false                 0           true        true          false     false       
SchemaName         12             QT_Ora9DS       java.lang.String    FUNCTION_SCHEM     string             SYS            FunctionParams  255                   255           0         false            true             false       false                 1           true        true          false     false       
FunctionName       12             QT_Ora9DS       java.lang.String    FUNCTION_NAME      string             SYS            FunctionParams  255                   255           0         false            true             false       false                 0           true        true          false     false       
Name               12             QT_Ora9DS       java.lang.String    COLUMN_NAME        string             SYS            FunctionParams  255                   255           0         false            true             false       false                 0           true        true          false     false       
COLUMN_TYPE        4              QT_Ora9DS       java.lang.Integer   COLUMN_TYPE        integer            <null>         <null>          11                    10            0         false            false            false       true                  1           false       true          true      true        
DATA_TYPE          4              QT_Ora9DS       java.lang.Integer   DATA_TYPE          integer            <null>         <null>          11                    10            0         false            false            false       true                  1           false       true          true      true        
DataType           12             QT_Ora9DS       java.lang.String    TYPE_NAME          string             SYS            FunctionParams  25                    25            0         false            true             false       false                 0           true        true          false     false       
Precision          4              QT_Ora9DS       java.lang.Integer   PRECISION          integer            SYS            FunctionParams  11                    10            0         false            false            false       false                 0           true        true          true      false       
TypeLength         4              QT_Ora9DS       java.lang.Integer   LENGTH             integer            SYS            FunctionParams  11                    10            0         false            false            false       false                 0           true        true          true      false       
SCALE              5              QT_Ora9DS       java.lang.Short     SCALE              short              <null>         <null>          6                     5             0         false            false            false       true                  1           false       true          true      true        
Radix              4              QT_Ora9DS       java.lang.Integer   RADIX              integer            SYS            FunctionParams  11                    10            0         false            false            false       false                 0           true        true          true      false       
NULLABLE           4              QT_Ora9DS       java.lang.Integer   NULLABLE           integer            <null>         <null>          11                    10            0         false            false            false       true                  1           false       true          true      true        
Description        12             QT_Ora9DS       java.lang.String    REMARKS            string             SYS            FunctionParams  4000                  4000          0         false            true             false       false                 1           true        true          false     false       
CHAR_OCTET_LENGTH  12             QT_Ora9DS       java.lang.String    CHAR_OCTET_LENGTH  string             <null>         <null>          4000                  4000          0         false            false            false       true                  1           false       true          true      true        
Position           4              QT_Ora9DS       java.lang.Integer   ORDINAL_POSITION   integer            SYS            FunctionParams  11                    10            0         false            false            false       false                 0           true        true          true      false       
IS_NULLABLE        12             QT_Ora9DS       java.lang.String    IS_NULLABLE        string             <null>         <null>          4000                  4000          0         false            false            false       true                  1           false       true          true      true        
FunctionUID        12             QT_Ora9DS       java.lang.String    SPECIFIC_NAME      string             SYS            FunctionParams  50                    50            0         false            true             false       false                 0           true        true          false     false       
string                                                             string                                                             string                                                             string                                                             integer      integer      string                     integer      integer      short   integer      integer      string                                                             string                                                             integer           string                                                             string                                            
Function_CAT                                                       FUNCTION_SCHEM                                                     FUNCTION_NAME                                                      COLUMN_NAME                                                        COLUMN_TYPE  DATA_TYPE    TYPE_NAME                  PRECISION    LENGTH       SCALE   RADIX        NULLABLE     REMARKS                                                            CHAR_OCTET_LENGTH                                                  ORDINAL_POSITION  IS_NULLABLE                                                        SPECIFIC_NAME                                     
QT_Ora9DS                                                          pg_catalog                                                         asPGVector                                                         result                                                             4            2000         object                     2147483647   2147483647   0       0            1            <null>                                                             <null>                                                             0                 YES                                                                tid:7ff2755e9621-e548fc4c-0000007b                
QT_Ora9DS                                                          pg_catalog                                                         asPGVector                                                         param1                                                             1            2000         object                     2147483647   2147483647   0       0            1            <null>                                                             <null>                                                             1                 YES                                                                tid:7ff2755e9621-e548fc4c-0000007b                
QT_Ora9DS                                                          pg_catalog                                                         pg_client_encoding                                                 result                                                             4            12           string                     4000         4000         0       0            1            <null>                                                             <null>                                                             0                 YES                                                                tid:7ff2755e9621-267c14ff-0000007d                
QT_Ora9DS                                                          pg_catalog                                                         pg_get_expr                                                        result                                                             4            12           string                     4000         4000         0       0            1            <null>                                                             <null>                                                             0                 YES                                                                tid:7ff2755e9621-e8caf286-00000079                
QT_Ora9DS                                                          pg_catalog                                                         pg_get_expr                                                        param1                                                             1            12           string                     4000         4000         0       0            1            <null>                                                             <null>                                                             1                 YES                                                                tid:7ff2755e9621-e8caf286-00000079                
QT_Ora9DS                                                          pg_catalog                                                         pg_get_expr                                                        param2                                                             1            4            integer                    10           4            0       10           1            <null>                                                             <null>                                                             2                 YES                                                                tid:7ff2755e9621-e8caf286-00000079                
QT_Ora9DS                                                          pg_catalog                                                         pg_get_expr                                                        result                                                             4            12           string                     4000         4000         0       0            1            <null>                                                             <null>                                                             0                 YES                                                                tid:7ff2755e9621-e8caf286-0000007a                
QT_Ora9DS                                                          pg_catalog                                                         pg_get_expr                                                        param1                                                             1            12           string                     4000         4000         0       0            1            <null>                                                             <null>                                                             1                 YES                                                                tid:7ff2755e9621-e8caf286-0000007a                
QT_Ora9DS                                                          pg_catalog                                                         pg_get_expr                                                        param2                                                             1            4            integer                    10           4            0       10           1            <null>                                                             <null>                                                             2                 YES                                                                tid:7ff2755e9621-e8caf286-0000007a                
QT_Ora9DS                                                          pg_catalog                                                         pg_get_expr                                                        param3                                                             1            -7           boolean                    1            1            0       10           1            <null>                                                             <null>                                                             3                 YES                                                                tid:7ff2755e9621-e8caf286-0000007a                
Row Count : 10
getColumnName      getColumnType  getCatalogName  getColumnClassName  getColumnLabel     getColumnTypeName  getSchemaName  getTableName    getColumnDisplaySize  getPrecision  getScale  isAutoIncrement  isCaseSensitive  isCurrency  isDefinitelyWritable  isNullable  isReadOnly  isSearchable  isSigned  isWritable  
VDBName            12             QT_Ora9DS       java.lang.String    Function_CAT       string             SYS            FunctionParams  255                   255           0         false            true             false       false                 0           true        true          false     false       
SchemaName         12             QT_Ora9DS       java.lang.String    FUNCTION_SCHEM     string             SYS            FunctionParams  255                   255           0         false            true             false       false                 1           true        true          false     false       
FunctionName       12             QT_Ora9DS       java.lang.String    FUNCTION_NAME      string             SYS            FunctionParams  255                   255           0         false            true             false       false                 0           true        true          false     false       
Name               12             QT_Ora9DS       java.lang.String    COLUMN_NAME        string             SYS            FunctionParams  255                   255           0         false            true             false       false                 0           true        true          false     false       
COLUMN_TYPE        4              QT_Ora9DS       java.lang.Integer   COLUMN_TYPE        integer            <null>         <null>          11                    10            0         false            false            false       true                  1           false       true          true      true        
DATA_TYPE          4              QT_Ora9DS       java.lang.Integer   DATA_TYPE          integer            <null>         <null>          11                    10            0         false            false            false       true                  1           false       true          true      true        
DataType           12             QT_Ora9DS       java.lang.String    TYPE_NAME          string             SYS            FunctionParams  25                    25            0         false            true             false       false                 0           true        true          false     false       
Precision          4              QT_Ora9DS       java.lang.Integer   PRECISION          integer            SYS            FunctionParams  11                    10            0         false            false            false       false                 0           true        true          true      false       
TypeLength         4              QT_Ora9DS       java.lang.Integer   LENGTH             integer            SYS            FunctionParams  11                    10            0         false            false            false       false                 0           true        true          true      false       
SCALE              5              QT_Ora9DS       java.lang.Short     SCALE              short              <null>         <null>          6                     5             0         false            false            false       true                  1           false       true          true      true        
Radix              4              QT_Ora9DS       java.lang.Integer   RADIX              integer            SYS            FunctionParams  11                    10            0         false            false            false       false                 0           true        true          true      false       
NULLABLE           4              QT_Ora9DS       java.lang.Integer   NULLABLE           integer            <null>         <null>          11                    10            0         false            false            false       true                  1           false       true          true      true        
Description        12             QT_Ora9DS       java.lang.String    REMARKS            string             SYS            FunctionParams  4000                  4000          0         false            true             false       false                 1           true        true          false     false       
CHAR_OCTET_LENGTH  12             QT_Ora9DS       java.lang.String    CHAR_OCTET_LENGTH  string             <null>         <null>          4000                  4000          0         false            false            false       true                  1           false       true          true      true        
Position           4              QT_Ora9DS       java.lang.Integer   ORDINAL_POSITION   integer            SYS            FunctionParams  11                    10            0         false            false            false       false                 0           true        true          true      false       
IS_NULLABLE        12             QT_Ora9DS       java.lang.String    IS_NULLABLE        string             <null>         <null>          4000                  4000          0         false            false            false       true                  1           false       true          true      true        
FunctionUID        12             QT_Ora9DS       java.lang.String    SPECIFIC_NAME      string             SYS            FunctionParams  50                    50            0         false            true             false       false                 0           true        true          false     false       
