string                                                             string                                                             string                                                             string                                                             integer        string                                            
Function_CAT                                                       FUNCTION_SCHEM                                                     FUNCTION_NAME                                                      REMARKS                                                            FUNCTION_TYPE  SPECIFIC_NAME                                     
QT_Ora9DS                                                          pg_catalog                                                         asPGVector                                                         <null>                                                             1              tid:7ff2755e9621-e548fc4c-0000007b                
QT_Ora9DS                                                          pg_catalog                                                         getOid                                                             <null>                                                             1              tid:7ff2755e9621-b5885e94-0000007c                
QT_Ora9DS                                                          pg_catalog                                                         has_function_privilege                                             <null>                                                             1              tid:7ff2755e9621-6e44e0cf-00000078                
QT_Ora9DS                                                          pg_catalog                                                         pg_client_encoding                                                 <null>                                                             1              tid:7ff2755e9621-267c14ff-0000007d                
QT_Ora9DS                                                          pg_catalog                                                         pg_get_expr                                                        <null>                                                             1              tid:7ff2755e9621-e8caf286-00000079                
QT_Ora9DS                                                          pg_catalog                                                         pg_get_expr                                                        <null>                                                             1              tid:7ff2755e9621-e8caf286-0000007a                
Row Count : 6
getColumnName  getColumnType  getCatalogName  getColumnClassName  getColumnLabel  getColumnTypeName  getSchemaName  getTableName  getColumnDisplaySize  getPrecision  getScale  isAutoIncrement  isCaseSensitive  isCurrency  isDefinitelyWritable  isNullable  isReadOnly  isSearchable  isSigned  isWritable  
VDBName        12             QT_Ora9DS       java.lang.String    Function_CAT    string             SYS            Functions     255                   255           0         false            true             false       false                 0           true        true          false     false       
SchemaName     12             QT_Ora9DS       java.lang.String    FUNCTION_SCHEM  string             SYS            Functions     255                   255           0         false            true             false       false                 1           true        true          false     false       
Name           12             QT_Ora9DS       java.lang.String    FUNCTION_NAME   string             SYS            Functions     255                   255           0         false            true             false       false                 0           true        true          false     false       
Description    12             QT_Ora9DS       java.lang.String    REMARKS         string             SYS            Functions     4000                  4000          0         false            true             false       false                 1           true        true          false     false       
FUNCTION_TYPE  4              QT_Ora9DS       java.lang.Integer   FUNCTION_TYPE   integer            <null>         <null>        11                    10            0         false            false            false       true                  1           false       true          true      true        
UID            12             QT_Ora9DS       java.lang.String    SPECIFIC_NAME   string             SYS            Functions     50                    50            0         false            true             false       false                 0           true        true          false     false       
string                                                             string                                                             string                                                             string                                                             integer        string                                            
Function_CAT                                                       FUNCTION_SCHEM                                                     FUNCTION_NAME                                                      REMARKS                                                            FUNCTION_TYPE  SPECIFIC_NAME                                     
QT_Ora9DS                                                          pg_catalog                                                         asPGVector                                                         <null>                                                             1              tid:7ff2755e9621-e548fc4c-0000007b                
QT_Ora9DS                                                          pg_catalog                                                         pg_client_encoding                                                 <null>                                                             1              tid:7ff2755e9621-267c14ff-0000007d                
QT_Ora9DS                                                          pg_catalog                                                         pg_get_expr                                                        <null>                                                             1              tid:7ff2755e9621-e8caf286-00000079                
QT_Ora9DS                                                          pg_catalog                                                         pg_get_expr                                                        <null>                                                             1              tid:7ff2755e9621-e8caf286-0000007a                
Row Count : 4
getColumnName  getColumnType  getCatalogName  getColumnClassName  getColumnLabel  getColumnTypeName  getSchemaName  getTableName  getColumnDisplaySize  getPrecision  getScale  isAutoIncrement  isCaseSensitive  isCurrency  isDefinitelyWritable  isNullable  isReadOnly  isSearchable  isSigned  isWritable  
VDBName        12             QT_Ora9DS       java.lang.String    Function_CAT    string             SYS            Functions     255                   255           0         false            true             false       false                 0           true        true          false     false       
SchemaName     12             QT_Ora9DS       java.lang.String    FUNCTION_SCHEM  string             SYS            Functions     255                   255           0         false            true             false       false                 1           true        true          false     false       
Name           12             QT_Ora9DS       java.lang.String    FUNCTION_NAME   string             SYS            Functions     255                   255           0         false            true             false       false                 0           true        true          false     false       
Description    12             QT_Ora9DS       java.lang.String    REMARKS         string             SYS            Functions     4000                  4000          0         false            true             false       false                 1           true        true          false     false       
FUNCTION_TYPE  4              QT_Ora9DS       java.lang.Integer   FUNCTION_TYPE   integer            <null>         <null>        11                    10            0         false            false            false       true                  1           false       true          true      true        
UID            12             QT_Ora9DS       java.lang.String    SPECIFIC_NAME   string             SYS            Functions     50                    50            0         false            true             false       false                 0           true        true          false     false       
