integer      integer      integer      short     boolean         boolean      boolean       short[]                                                            string                                                             string                                                             string[]                                                         
oid          indexrelid   indrelid     indnatts  indisclustered  indisunique  indisprimary  indkey                                                             indexprs                                                           indpred                                                            indkey_names                                                     
29           29           24           1         false           true         true          [1]                                                                <null>                                                             <null>                                                             [PART_ID]                                                        
34           34           31           1         false           true         true          [1]                                                                <null>                                                             <null>                                                             [SHIPPER_ID]                                                     
39           39           36           1         false           true         true          [1]                                                                <null>                                                             <null>                                                             [STATUS_ID]                                                      
47           47           41           1         false           true         true          [1]                                                                <null>                                                             <null>                                                             [SUPPLIER_ID]                                                    
49           49           41           1         false           false        false         [3]                                                                <null>                                                             <null>                                                             [SUPPLIER_STATUS]                                                
56           56           51           2         false           true         true          [1, 2]                                                             <null>                                                             <null>                                                             [SUPPLIER_ID, PART_ID]                                           
59           59           51           1         false           false        false         [2]                                                                <null>                                                             <null>                                                             [PART_ID]                                                        
61           61           51           1         false           false        false         [1]                                                                <null>                                                             <null>                                                             [SUPPLIER_ID]                                                    
99           99           64           4         false           true         true          [1, 2, 3, 4]                                                       <null>                                                             <null>                                                             [VDBName, SchemaName, TableName, Name]                           
104          104          64           3         false           false        false         [1, 2, 3]                                                          <null>                                                             <null>                                                             [VDBName, SchemaName, TableName]                                 
108          108          64           1         false           false        false         [31]                                                               <null>                                                             <null>                                                             [TableUID]                                                       
110          110          64           1         false           true         false         [29]                                                               <null>                                                             <null>                                                             [UID]                                                            
134          134          112          1         false           true         true          [1]                                                                <null>                                                             <null>                                                             [Name]                                                           
136          136          112          1         false           true         false         [15]                                                               <null>                                                             <null>                                                             [UID]                                                            
157          157          138          4         false           true         true          [1, 2, 3, 5]                                                       <null>                                                             <null>                                                             [VDBName, SchemaName, FunctionName, Name]                        
162          162          138          3         false           false        false         [1, 2, 3]                                                          <null>                                                             <null>                                                             [VDBName, SchemaName, FunctionName]                              
166          166          138          1         false           true         false         [14]                                                               <null>                                                             <null>                                                             [UID]                                                            
176          176          168          3         false           true         true          [1, 2, 3]                                                          <null>                                                             <null>                                                             [VDBName, SchemaName, Name]                                      
180          180          168          2         false           false        false         [1, 2]                                                             <null>                                                             <null>                                                             [VDBName, SchemaName]                                            
183          183          168          1         false           true         false         [5]                                                                <null>                                                             <null>                                                             [UID]                                                            
212          212          201          4         false           true         true          [1, 2, 3, 4]                                                       <null>                                                             <null>                                                             [VDBName, SchemaName, TableName, Name]                           
217          217          201          3         false           false        false         [1, 2, 3]                                                          <null>                                                             <null>                                                             [VDBName, SchemaName, TableName]                                 
221          221          201          1         false           false        false         [10]                                                               <null>                                                             <null>                                                             [TableUID]                                                       
223          223          201          1         false           true         false         [8]                                                                <null>                                                             <null>                                                             [UID]                                                            
242          242          225          4         false           true         true          [1, 2, 3, 4]                                                       <null>                                                             <null>                                                             [VDBName, SchemaName, TableName, Name]                           
247          247          225          3         false           false        false         [1, 2, 3]                                                          <null>                                                             <null>                                                             [VDBName, SchemaName, TableName]                                 
251          251          225          1         false           true         false         [10]                                                               <null>                                                             <null>                                                             [UID]                                                            
273          273          253          4         false           true         true          [1, 2, 3, 4]                                                       <null>                                                             <null>                                                             [VDBName, SchemaName, ProcedureName, Name]                       
278          278          253          3         false           false        false         [1, 2, 3]                                                          <null>                                                             <null>                                                             [VDBName, SchemaName, ProcedureName]                             
282          282          253          1         false           true         false         [14]                                                               <null>                                                             <null>                                                             [UID]                                                            
293          293          284          3         false           true         true          [1, 2, 3]                                                          <null>                                                             <null>                                                             [VDBName, SchemaName, Name]                                      
297          297          284          2         false           false        false         [1, 2]                                                             <null>                                                             <null>                                                             [VDBName, SchemaName]                                            
300          300          284          1         false           false        false         [8]                                                                <null>                                                             <null>                                                             [SchemaUID]                                                      
302          302          284          1         false           true         false         [6]                                                                <null>                                                             <null>                                                             [UID]                                                            
309          309          304          2         false           true         false         [3, 1]                                                             <null>                                                             <null>                                                             [UID, Name]                                                      
335          335          328          2         false           true         true          [1, 2]                                                             <null>                                                             <null>                                                             [VDBName, Name]                                                  
338          338          328          1         false           true         false         [4]                                                                <null>                                                             <null>                                                             [UID]                                                            
346          346          340          1         false           true         true          [1]                                                                <null>                                                             <null>                                                             [srid]                                                           
362          362          348          3         false           true         true          [1, 2, 3]                                                          <null>                                                             <null>                                                             [VDBName, SchemaName, Name]                                      
366          366          348          2         false           false        false         [1, 2]                                                             <null>                                                             <null>                                                             [VDBName, SchemaName]                                            
369          369          348          1         false           false        false         [13]                                                               <null>                                                             <null>                                                             [SchemaUID]                                                      
371          371          348          1         false           true         false         [8]                                                                <null>                                                             <null>                                                             [UID]                                                            
377          377          373          2         false           true         true          [1, 2]                                                             <null>                                                             <null>                                                             [Name, Version]                                                  
397          397          387          3         false           true         true          [1, 2, 3]                                                          <null>                                                             <null>                                                             [VDBName, SchemaName, Name]                                      
407          407          401          3         false           true         true          [1, 2, 3]                                                          <null>                                                             <null>                                                             [VDBName, SchemaName, Name]                                      
411          411          401          1         false           true         false         [5]                                                                <null>                                                             <null>                                                             [UID]                                                            
423          423          413          4         false           true         true          [1, 2, 3, 4]                                                       <null>                                                             <null>                                                             [VDBName, SchemaName, TableName, Name]                           
440          440          428          2         false           true         true          [2, 7]                                                             <null>                                                             <null>                                                             [UID, Uses_UID]                                                  
446          446          443          1         false           true         true          [1]                                                                <null>                                                             <null>                                                             [resourcePath]                                                   
454          454          448          3         false           true         true          [1, 2, 3]                                                          <null>                                                             <null>                                                             [VDBName, SchemaName, Name]                                      
458          458          448          1         false           true         false         [5]                                                                <null>                                                             <null>                                                             [UID]                                                            
595          595          587          2         false           true         true          [1, 3]                                                             <null>                                                             <null>                                                             [oid, name]                                                      
598          598          587          2         false           false        false         [2, 1]                                                             <null>                                                             <null>                                                             [typname, oid]                                                   
620          620          609          1         false           true         true          [1]                                                                <null>                                                             <null>                                                             [oid]                                                            
635          635          622          1         false           true         true          [1]                                                                <null>                                                             <null>                                                             [oid]                                                            
675          675          663          1         false           true         true          [2]                                                                <null>                                                             <null>                                                             [indexrelid]                                                     
701          701          690          1         false           true         true          [1]                                                                <null>                                                             <null>                                                             [oid]                                                            
Row Count : 57
getColumnName   getColumnType  getCatalogName  getColumnClassName  getColumnLabel  getColumnTypeName  getSchemaName  getTableName  getColumnDisplaySize  getPrecision  getScale  isAutoIncrement  isCaseSensitive  isCurrency  isDefinitelyWritable  isNullable  isReadOnly  isSearchable  isSigned  isWritable  
oid             4              PartsSupplier   java.lang.Integer   oid             integer            pg_catalog     pg_index      11                    10            0         false            false            false       false                 1           true        true          true      false       
indexrelid      4              PartsSupplier   java.lang.Integer   indexrelid      integer            pg_catalog     pg_index      11                    10            0         false            false            false       false                 1           true        true          true      false       
indrelid        4              PartsSupplier   java.lang.Integer   indrelid        integer            pg_catalog     pg_index      11                    10            0         false            false            false       false                 1           true        true          true      false       
indnatts        5              PartsSupplier   java.lang.Short     indnatts        short              pg_catalog     pg_index      6                     5             0         false            false            false       false                 1           true        true          true      false       
indisclustered  -7             PartsSupplier   java.lang.Boolean   indisclustered  boolean            pg_catalog     pg_index      5                     1             0         false            false            false       false                 1           true        true          false     false       
indisunique     -7             PartsSupplier   java.lang.Boolean   indisunique     boolean            pg_catalog     pg_index      5                     1             0         false            false            false       false                 1           true        true          false     false       
indisprimary    -7             PartsSupplier   java.lang.Boolean   indisprimary    boolean            pg_catalog     pg_index      5                     1             0         false            false            false       false                 1           true        true          false     false       
indkey          2003           PartsSupplier   java.sql.Array      indkey          short[]            pg_catalog     pg_index      2147483647            2             0         false            false            false       false                 1           true        true          true      false       
indexprs        12             PartsSupplier   java.lang.String    indexprs        string             pg_catalog     pg_index      4000                  4000          0         false            true             false       false                 1           true        true          false     false       
indpred         12             PartsSupplier   java.lang.String    indpred         string             pg_catalog     pg_index      4000                  4000          0         false            true             false       false                 1           true        true          false     false       
indkey_names    2003           PartsSupplier   java.sql.Array      indkey_names    string[]           pg_catalog     pg_index      2147483647            4000          0         false            true             false       false                 1           true        true          false     false       
