integer      string                                                             integer       char     integer      integer      float      integer      boolean      boolean     string                                                             string[]                                                           object[]                                                         
oid          relname                                                            relnamespace  relkind  relowner     relam        reltuples  relpages     relhasrules  relhasoids  relnspname                                                         reloptions                                                         relacl                                                           
24           PARTSSUPPLIER.PARTS                                                23            r        0            0            0.0        0            false        false       PartsSupplier                                                      <null>                                                             <null>                                                           
29           PK_PARTS                                                           29            i        0            0            0.0        0            false        false       PartsSupplier                                                      <null>                                                             <null>                                                           
31           PARTSSUPPLIER.SHIP_VIA                                             23            r        0            0            0.0        0            false        false       PartsSupplier                                                      <null>                                                             <null>                                                           
34           PK_SHIP_VIA                                                        34            i        0            0            0.0        0            false        false       PartsSupplier                                                      <null>                                                             <null>                                                           
36           PARTSSUPPLIER.STATUS                                               23            r        0            0            0.0        0            false        false       PartsSupplier                                                      <null>                                                             <null>                                                           
39           PK_STATUS                                                          39            i        0            0            0.0        0            false        false       PartsSupplier                                                      <null>                                                             <null>                                                           
41           PARTSSUPPLIER.SUPPLIER                                             23            r        0            0            0.0        0            false        false       PartsSupplier                                                      <null>                                                             <null>                                                           
47           PK_SUPPLIER                                                        47            i        0            0            0.0        0            false        false       PartsSupplier                                                      <null>                                                             <null>                                                           
51           PARTSSUPPLIER.SUPPLIER_PARTS                                       23            r        0            0            0.0        0            false        false       PartsSupplier                                                      <null>                                                             <null>                                                           
56           PK_SUPPLIER_PARTS                                                  56            i        0            0            0.0        0            false        false       PartsSupplier                                                      <null>                                                             <null>                                                           
64           Columns                                                            63            r        0            0            0.0        0            false        false       SYS                                                                <null>                                                             <null>                                                           
99           PK                                                                 99            i        0            0            0.0        0            false        false       SYS                                                                <null>                                                             <null>                                                           
110          UNIQUE0                                                            110           i        0            0            0.0        0            false        false       SYS                                                                <null>                                                             <null>                                                           
112          DataTypes                                                          63            r        0            0            0.0        0            false        false       SYS                                                                <null>                                                             <null>                                                           
134          PK                                                                 134           i        0            0            0.0        0            false        false       SYS                                                                <null>                                                             <null>                                                           
136          UNIQUE0                                                            136           i        0            0            0.0        0            false        false       SYS                                                                <null>                                                             <null>                                                           
138          FunctionParams                                                     63            r        0            0            0.0        0            false        false       SYS                                                                <null>                                                             <null>                                                           
157          PK                                                                 157           i        0            0            0.0        0            false        false       SYS                                                                <null>                                                             <null>                                                           
167          UNIQUE0                                                            167           i        0            0            0.0        0            false        false       SYS                                                                <null>                                                             <null>                                                           
169          Functions                                                          63            r        0            0            0.0        0            false        false       SYS                                                                <null>                                                             <null>                                                           
178          PK                                                                 178           i        0            0            0.0        0            false        false       SYS                                                                <null>                                                             <null>                                                           
186          UNIQUE0                                                            186           i        0            0            0.0        0            false        false       SYS                                                                <null>                                                             <null>                                                           
188          GEOGRAPHY_COLUMNS                                                  63            v        0            0            0.0        0            false        false       SYS                                                                <null>                                                             <null>                                                           
196          GEOMETRY_COLUMNS                                                   63            v        0            0            0.0        0            false        false       SYS                                                                <null>                                                             <null>                                                           
204          KeyColumns                                                         63            r        0            0            0.0        0            false        false       SYS                                                                <null>                                                             <null>                                                           
215          PK                                                                 215           i        0            0            0.0        0            false        false       SYS                                                                <null>                                                             <null>                                                           
226          UNIQUE0                                                            226           i        0            0            0.0        0            false        false       SYS                                                                <null>                                                             <null>                                                           
228          Keys                                                               63            r        0            0            0.0        0            false        false       SYS                                                                <null>                                                             <null>                                                           
245          PK                                                                 245           i        0            0            0.0        0            false        false       SYS                                                                <null>                                                             <null>                                                           
254          UNIQUE0                                                            254           i        0            0            0.0        0            false        false       SYS                                                                <null>                                                             <null>                                                           
256          ProcedureParams                                                    63            r        0            0            0.0        0            false        false       SYS                                                                <null>                                                             <null>                                                           
277          PK                                                                 277           i        0            0            0.0        0            false        false       SYS                                                                <null>                                                             <null>                                                           
286          UNIQUE0                                                            286           i        0            0            0.0        0            false        false       SYS                                                                <null>                                                             <null>                                                           
288          Procedures                                                         63            r        0            0            0.0        0            false        false       SYS                                                                <null>                                                             <null>                                                           
297          PK                                                                 297           i        0            0            0.0        0            false        false       SYS                                                                <null>                                                             <null>                                                           
306          UNIQUE0                                                            306           i        0            0            0.0        0            false        false       SYS                                                                <null>                                                             <null>                                                           
308          Properties                                                         63            r        0            0            0.0        0            false        false       SYS                                                                <null>                                                             <null>                                                           
313          UNIQUE0                                                            313           i        0            0            0.0        0            false        false       SYS                                                                <null>                                                             <null>                                                           
316          ReferenceKeyColumns                                                63            r        0            0            0.0        0            false        false       SYS                                                                <null>                                                             <null>                                                           
332          Schemas                                                            63            r        0            0            0.0        0            false        false       SYS                                                                <null>                                                             <null>                                                           
339          PK                                                                 339           i        0            0            0.0        0            false        false       SYS                                                                <null>                                                             <null>                                                           
342          UNIQUE0                                                            342           i        0            0            0.0        0            false        false       SYS                                                                <null>                                                             <null>                                                           
344          spatial_ref_sys                                                    63            v        0            0            0.0        0            false        false       SYS                                                                <null>                                                             <null>                                                           
350          PK                                                                 350           i        0            0            0.0        0            false        false       SYS                                                                <null>                                                             <null>                                                           
352          Tables                                                             63            r        0            0            0.0        0            false        false       SYS                                                                <null>                                                             <null>                                                           
366          PK                                                                 366           i        0            0            0.0        0            false        false       SYS                                                                <null>                                                             <null>                                                           
375          UNIQUE0                                                            375           i        0            0            0.0        0            false        false       SYS                                                                <null>                                                             <null>                                                           
377          VirtualDatabases                                                   63            r        0            0            0.0        0            false        false       SYS                                                                <null>                                                             <null>                                                           
381          PK                                                                 381           i        0            0            0.0        0            false        false       SYS                                                                <null>                                                             <null>                                                           
391          MatViews                                                           390           r        0            0            0.0        0            false        false       SYSADMIN                                                           <null>                                                             <null>                                                           
401          PK                                                                 401           i        0            0            0.0        0            false        false       SYSADMIN                                                           <null>                                                             <null>                                                           
405          StoredProcedures                                                   390           r        0            0            0.0        0            false        false       SYSADMIN                                                           <null>                                                             <null>                                                           
411          PK                                                                 411           i        0            0            0.0        0            false        false       SYSADMIN                                                           <null>                                                             <null>                                                           
415          UNIQUE0                                                            415           i        0            0            0.0        0            false        false       SYSADMIN                                                           <null>                                                             <null>                                                           
417          Triggers                                                           390           r        0            0            0.0        0            false        false       SYSADMIN                                                           <null>                                                             <null>                                                           
427          PK                                                                 427           i        0            0            0.0        0            false        false       SYSADMIN                                                           <null>                                                             <null>                                                           
432          Usage                                                              390           r        0            0            0.0        0            false        false       SYSADMIN                                                           <null>                                                             <null>                                                           
444          PK                                                                 444           i        0            0            0.0        0            false        false       SYSADMIN                                                           <null>                                                             <null>                                                           
447          VDBResources                                                       390           r        0            0            0.0        0            false        false       SYSADMIN                                                           <null>                                                             <null>                                                           
450          PK                                                                 450           i        0            0            0.0        0            false        false       SYSADMIN                                                           <null>                                                             <null>                                                           
452          Views                                                              390           r        0            0            0.0        0            false        false       SYSADMIN                                                           <null>                                                             <null>                                                           
458          PK                                                                 458           i        0            0            0.0        0            false        false       SYSADMIN                                                           <null>                                                             <null>                                                           
462          UNIQUE0                                                            462           i        0            0            0.0        0            false        false       SYSADMIN                                                           <null>                                                             <null>                                                           
529          information_schema.columns                                         528           v        0            0            0.0        0            false        false       pg_catalog                                                         <null>                                                             <null>                                                           
550          information_schema.key_column_usage                                528           v        0            0            0.0        0            false        false       pg_catalog                                                         <null>                                                             <null>                                                           
560          information_schema.referential_constraints                         528           v        0            0            0.0        0            false        false       pg_catalog                                                         <null>                                                             <null>                                                           
570          information_schema.table_constraints                               528           v        0            0            0.0        0            false        false       pg_catalog                                                         <null>                                                             <null>                                                           
580          information_schema.tables                                          528           v        0            0            0.0        0            false        false       pg_catalog                                                         <null>                                                             <null>                                                           
585          information_schema.views                                           528           v        0            0            0.0        0            false        false       pg_catalog                                                         <null>                                                             <null>                                                           
591          matpg_datatype                                                     528           v        0            0            0.0        0            false        false       pg_catalog                                                         <null>                                                             <null>                                                           
599          matpg_datatype_names                                               599           i        0            0            0.0        0            false        false       pg_catalog                                                         <null>                                                             <null>                                                           
602          matpg_datatype_ids                                                 602           i        0            0            0.0        0            false        false       pg_catalog                                                         <null>                                                             <null>                                                           
605          pg_am                                                              528           v        0            0            0.0        0            false        false       pg_catalog                                                         <null>                                                             <null>                                                           
608          pg_attrdef                                                         528           v        0            0            0.0        0            false        false       pg_catalog                                                         <null>                                                             <null>                                                           
613          pg_attribute                                                       528           v        0            0            0.0        0            false        false       pg_catalog                                                         <null>                                                             <null>                                                           
624          pk_pg_attr                                                         624           i        0            0            0.0        0            false        false       pg_catalog                                                         <null>                                                             <null>                                                           
626          pg_class                                                           528           v        0            0            0.0        0            false        false       pg_catalog                                                         <null>                                                             <null>                                                           
640          pk_pg_class                                                        640           i        0            0            0.0        0            false        false       pg_catalog                                                         <null>                                                             <null>                                                           
642          pg_constraint                                                      528           v        0            0            0.0        0            false        false       pg_catalog                                                         <null>                                                             <null>                                                           
653          pg_database                                                        528           v        0            0            0.0        0            false        false       pg_catalog                                                         <null>                                                             <null>                                                           
663          pg_description                                                     528           v        0            0            0.0        0            false        false       pg_catalog                                                         <null>                                                             <null>                                                           
668          pg_index                                                           528           v        0            0            0.0        0            false        false       pg_catalog                                                         <null>                                                             <null>                                                           
680          pk_pg_index                                                        680           i        0            0            0.0        0            false        false       pg_catalog                                                         <null>                                                             <null>                                                           
682          pg_inherits                                                        528           v        0            0            0.0        0            false        false       pg_catalog                                                         <null>                                                             <null>                                                           
686          pg_namespace                                                       528           v        0            0            0.0        0            false        false       pg_catalog                                                         <null>                                                             <null>                                                           
690          pg_prepared_xacts                                                  528           v        0            0            0.0        0            false        false       pg_catalog                                                         <null>                                                             <null>                                                           
695          pg_proc                                                            528           v        0            0            0.0        0            false        false       pg_catalog                                                         <null>                                                             <null>                                                           
706          pk_pg_proc                                                         706           i        0            0            0.0        0            false        false       pg_catalog                                                         <null>                                                             <null>                                                           
708          pg_stats                                                           528           v        0            0            0.0        0            false        false       pg_catalog                                                         <null>                                                             <null>                                                           
712          pg_trigger                                                         528           v        0            0            0.0        0            false        false       pg_catalog                                                         <null>                                                             <null>                                                           
722          pg_type                                                            528           v        0            0            0.0        0            false        false       pg_catalog                                                         <null>                                                             <null>                                                           
738          pg_user                                                            528           v        0            0            0.0        0            false        false       pg_catalog                                                         <null>                                                             <null>                                                           
Row Count : 92
getColumnName  getColumnType  getCatalogName  getColumnClassName  getColumnLabel  getColumnTypeName  getSchemaName  getTableName  getColumnDisplaySize  getPrecision  getScale  isAutoIncrement  isCaseSensitive  isCurrency  isDefinitelyWritable  isNullable  isReadOnly  isSearchable  isSigned  isWritable  
oid            4              PartsSupplier   java.lang.Integer   oid             integer            pg_catalog     pg_class      11                    10            0         false            false            false       false                 1           true        true          true      false       
relname        12             PartsSupplier   java.lang.String    relname         string             pg_catalog     pg_class      4000                  4000          0         false            true             false       false                 1           true        true          false     false       
relnamespace   4              PartsSupplier   java.lang.Integer   relnamespace    integer            pg_catalog     pg_class      11                    10            0         false            false            false       false                 1           true        true          true      false       
relkind        1              PartsSupplier   java.lang.String    relkind         char               pg_catalog     pg_class      1                     1             0         false            true             false       false                 1           true        true          false     false       
relowner       4              PartsSupplier   java.lang.Integer   relowner        integer            pg_catalog     pg_class      11                    10            0         false            false            false       false                 1           true        true          true      false       
relam          4              PartsSupplier   java.lang.Integer   relam           integer            pg_catalog     pg_class      11                    10            0         false            false            false       false                 1           true        true          true      false       
reltuples      7              PartsSupplier   java.lang.Float     reltuples       float              pg_catalog     pg_class      9                     7             3         false            false            false       false                 1           true        true          true      false       
relpages       4              PartsSupplier   java.lang.Integer   relpages        integer            pg_catalog     pg_class      11                    10            0         false            false            false       false                 1           true        true          true      false       
relhasrules    -7             PartsSupplier   java.lang.Boolean   relhasrules     boolean            pg_catalog     pg_class      5                     1             0         false            false            false       false                 1           true        true          false     false       
relhasoids     -7             PartsSupplier   java.lang.Boolean   relhasoids      boolean            pg_catalog     pg_class      5                     1             0         false            false            false       false                 1           true        true          false     false       
relnspname     12             PartsSupplier   java.lang.String    relnspname      string             pg_catalog     pg_class      4000                  4000          0         false            true             false       false                 1           true        true          false     false       
reloptions     2003           PartsSupplier   java.sql.Array      reloptions      string[]           pg_catalog     pg_class      2147483647            4000          0         false            true             false       false                 1           true        true          false     false       
relacl         2003           PartsSupplier   java.sql.Array      relacl          object[]           pg_catalog     pg_class      2147483647            2147483647    0         false            false            false       false                 1           true        false         false     false       
