string                                                             string                                                             string                                              integer      clob                                                             
Name                                                               Value                                                              UID                                                 OID          ClobValue                                                        
pg_type:oid                                                        30                                                                 mmuid:bcbed548-176c-4116-a5d6-7638cb0206e1          1            Clob[2]                                                          
pg_type:oid                                                        1009                                                               mmuid:a385751f-a31a-4d5d-9197-3fbd390b0251          2            Clob[4]                                                          
pg_type:oid                                                        1002                                                               mmuid:e5715456-245f-4846-b90b-01d06d1c3672          3            Clob[4]                                                          
pg_type:oid                                                        1028                                                               mmuid:9569efdb-21b2-4b4f-a2db-e7406267b8ed          4            Clob[4]                                                          
Row Count : 4
getColumnName  getColumnType  getCatalogName  getColumnClassName  getColumnLabel  getColumnTypeName  getSchemaName  getTableName  getColumnDisplaySize  getPrecision  getScale  isAutoIncrement  isCaseSensitive  isCurrency  isDefinitelyWritable  isNullable  isReadOnly  isSearchable  isSigned  isWritable  
Name           12             PartsSupplier   java.lang.String    Name            string             SYS            Properties    255                   255           0         false            true             false       false                 0           true        true          true      false       
Value          12             PartsSupplier   java.lang.String    Value           string             SYS            Properties    255                   255           0         false            true             false       false                 0           true        true          true      false       
UID            12             PartsSupplier   java.lang.String    UID             string             SYS            Properties    50                    50            0         false            false            false       false                 0           true        true          true      false       
OID            4              PartsSupplier   java.lang.Integer   OID             integer            SYS            Properties    11                    10            0         false            false            false       false                 0           true        true          false     false       
ClobValue      2005           PartsSupplier   java.sql.Clob       ClobValue       clob               SYS            Properties    2097152               2097152       0         false            true             false       true                  1           false       true          true      true        
