string                                                             string                                                             string                                                             string                                              string                                                             string                     integer      string                                                             integer      integer      integer      integer      string      string                                                           
VDBName                                                            SchemaName                                                         FunctionName                                                       FunctionUID                                         Name                                                               DataType                   Position     Type                                                               Precision    TypeLength   Scale        Radix        NullType    Description                                                      
PartsSupplier                                                      pg_catalog                                                         pg_client_encoding                                                 tid:7ff2755e9621-267c14ff-0000007d                  result                                                             string                     0            ReturnValue                                                        0            4000         0            0            Nullable    <null>                                                           
PartsSupplier                                                      pg_catalog                                                         has_function_privilege                                             tid:7ff2755e9621-6e44e0cf-00000078                  param1                                                             integer                    1            In                                                                 10           4            0            10           Nullable    <null>                                                           
PartsSupplier                                                      pg_catalog                                                         has_function_privilege                                             tid:7ff2755e9621-6e44e0cf-00000078                  param2                                                             string                     2            In                                                                 0            4000         0            0            Nullable    <null>                                                           
PartsSupplier                                                      pg_catalog                                                         has_function_privilege                                             tid:7ff2755e9621-6e44e0cf-00000078                  result                                                             boolean                    0            ReturnValue                                                        1            1            0            10           Nullable    <null>                                                           
PartsSupplier                                                      pg_catalog                                                         getOid                                                             tid:7ff2755e9621-b5885e94-0000007c                  param1                                                             string                     1            In                                                                 0            4000         0            0            Nullable    <null>                                                           
PartsSupplier                                                      pg_catalog                                                         getOid                                                             tid:7ff2755e9621-b5885e94-0000007c                  result                                                             integer                    0            ReturnValue                                                        10           4            0            10           Nullable    <null>                                                           
PartsSupplier                                                      pg_catalog                                                         asPGVector                                                         tid:7ff2755e9621-e548fc4c-0000007b                  param1                                                             object                     1            In                                                                 0            2147483647   0            0            Nullable    <null>                                                           
PartsSupplier                                                      pg_catalog                                                         asPGVector                                                         tid:7ff2755e9621-e548fc4c-0000007b                  result                                                             object                     0            ReturnValue                                                        0            2147483647   0            0            Nullable    <null>                                                           
PartsSupplier                                                      pg_catalog                                                         pg_get_expr                                                        tid:7ff2755e9621-e8caf286-00000079                  param1                                                             string                     1            In                                                                 0            4000         0            0            Nullable    <null>                                                           
PartsSupplier                                                      pg_catalog                                                         pg_get_expr                                                        tid:7ff2755e9621-e8caf286-00000079                  param2                                                             integer                    2            In                                                                 10           4            0            10           Nullable    <null>                                                           
PartsSupplier                                                      pg_catalog                                                         pg_get_expr                                                        tid:7ff2755e9621-e8caf286-00000079                  result                                                             string                     0            ReturnValue                                                        0            4000         0            0            Nullable    <null>                                                           
PartsSupplier                                                      pg_catalog                                                         pg_get_expr                                                        tid:7ff2755e9621-e8caf286-0000007a                  param1                                                             string                     1            In                                                                 0            4000         0            0            Nullable    <null>                                                           
PartsSupplier                                                      pg_catalog                                                         pg_get_expr                                                        tid:7ff2755e9621-e8caf286-0000007a                  param2                                                             integer                    2            In                                                                 10           4            0            10           Nullable    <null>                                                           
PartsSupplier                                                      pg_catalog                                                         pg_get_expr                                                        tid:7ff2755e9621-e8caf286-0000007a                  param3                                                             boolean                    3            In                                                                 1            1            0            10           Nullable    <null>                                                           
PartsSupplier                                                      pg_catalog                                                         pg_get_expr                                                        tid:7ff2755e9621-e8caf286-0000007a                  result                                                             string                     0            ReturnValue                                                        0            4000         0            0            Nullable    <null>                                                           
Row Count : 15
getColumnName  getColumnType  getCatalogName  getColumnClassName  getColumnLabel  getColumnTypeName  getSchemaName  getTableName    getColumnDisplaySize  getPrecision  getScale  isAutoIncrement  isCaseSensitive  isCurrency  isDefinitelyWritable  isNullable  isReadOnly  isSearchable  isSigned  isWritable  
VDBName        12             PartsSupplier   java.lang.String    VDBName         string             SYS            FunctionParams  255                   255           0         false            true             false       false                 0           true        true          false     false       
SchemaName     12             PartsSupplier   java.lang.String    SchemaName      string             SYS            FunctionParams  255                   255           0         false            true             false       false                 1           true        true          false     false       
FunctionName   12             PartsSupplier   java.lang.String    FunctionName    string             SYS            FunctionParams  255                   255           0         false            true             false       false                 0           true        true          false     false       
FunctionUID    12             PartsSupplier   java.lang.String    FunctionUID     string             SYS            FunctionParams  50                    50            0         false            true             false       false                 0           true        true          false     false       
Name           12             PartsSupplier   java.lang.String    Name            string             SYS            FunctionParams  255                   255           0         false            true             false       false                 0           true        true          false     false       
DataType       12             PartsSupplier   java.lang.String    DataType        string             SYS            FunctionParams  25                    25            0         false            true             false       false                 0           true        true          false     false       
Position       4              PartsSupplier   java.lang.Integer   Position        integer            SYS            FunctionParams  11                    10            0         false            false            false       false                 0           true        true          true      false       
Type           12             PartsSupplier   java.lang.String    Type            string             SYS            FunctionParams  100                   100           0         false            true             false       false                 0           true        true          false     false       
Precision      4              PartsSupplier   java.lang.Integer   Precision       integer            SYS            FunctionParams  11                    10            0         false            false            false       false                 0           true        true          true      false       
TypeLength     4              PartsSupplier   java.lang.Integer   TypeLength      integer            SYS            FunctionParams  11                    10            0         false            false            false       false                 0           true        true          true      false       
Scale          4              PartsSupplier   java.lang.Integer   Scale           integer            SYS            FunctionParams  11                    10            0         false            false            false       false                 0           true        true          true      false       
Radix          4              PartsSupplier   java.lang.Integer   Radix           integer            SYS            FunctionParams  11                    10            0         false            false            false       false                 0           true        true          true      false       
NullType       12             PartsSupplier   java.lang.String    NullType        string             SYS            FunctionParams  10                    10            0         false            true             false       false                 0           true        true          false     false       
Description    12             PartsSupplier   java.lang.String    Description     string             SYS            FunctionParams  4000                  4000          0         false            true             false       false                 1           true        true          false     false       
