string                                                             clob                                                             
Name                                                               Body                                                             
GEOMETRY_COLUMNS                                                   Clob[551]                                                        
geography_columns                                                  Clob[73]                                                         
matpg_datatype                                                     Clob[1562]                                                       
matpg_relatt                                                       Clob[490]                                                        
pg_am                                                              Clob[34]                                                         
<<<<<<< HEAD
pg_attrdef                                                         Clob[360]                                                        
pg_attribute                                                       Clob[1899]                                                       
pg_class                                                           Clob[712]                                                        
pg_database                                                        Clob[156]                                                        
pg_description                                                     Clob[26]                                                         
pg_index                                                           Clob[815]                                                        
pg_namespace                                                       Clob[79]                                                         
pg_proc                                                            Clob[3051]                                                       
=======
pg_attrdef                                                         Clob[273]                                                        
pg_attribute                                                       Clob[1724]                                                       
pg_class                                                           Clob[703]                                                        
pg_database                                                        Clob[156]                                                        
pg_description                                                     Clob[26]                                                         
pg_index                                                           Clob[651]                                                        
pg_inherits                                                        Clob[49]                                                         
pg_namespace                                                       Clob[94]                                                         
pg_prepared_xacts                                                  Clob[55]                                                         
pg_proc                                                            Clob[3007]                                                       
pg_stats                                                           Clob[49]                                                         
>>>>>>> d7a2653... TEIID-4493 initial qgis support
pg_trigger                                                         Clob[188]                                                        
pg_type                                                            Clob[1797]                                                       
pg_user                                                            Clob[74]                                                         
spatial_ref_sys                                                    Clob[209]                                                        
Row Count : 19
getColumnName  getColumnType  getCatalogName  getColumnClassName  getColumnLabel  getColumnTypeName  getSchemaName  getTableName  getColumnDisplaySize  getPrecision  getScale  isAutoIncrement  isCaseSensitive  isCurrency  isDefinitelyWritable  isNullable  isReadOnly  isSearchable  isSigned  isWritable  
Name           12             PartsSupplier   java.lang.String    Name            string             SYSADMIN       Views         255                   255           0         false            true             false       false                 0           true        true          false     false       
Body           2005           PartsSupplier   java.sql.Clob       Body            clob               SYSADMIN       Views         2097152               2097152       0         false            true             false       false                 0           true        true          false     false       
