string                                                             string                                                             string                                                             string                                                             string                                              string                                                             boolean  
VDBName                                                            SchemaName                                                         Name                                                               NameInSource                                                       UID                                                 Description                                                        IsVarArgs
PartsSupplier                                                      pg_catalog                                                         pg_client_encoding                                                 pg_client_encoding                                                 tid:7ff2755e9621-267c14ff-0000007d                  <null>                                                             false    
PartsSupplier                                                      pg_catalog                                                         has_function_privilege                                             has_function_privilege                                             tid:7ff2755e9621-6e44e0cf-00000078                  <null>                                                             false    
PartsSupplier                                                      pg_catalog                                                         getOid                                                             getOid                                                             tid:7ff2755e9621-b5885e94-0000007c                  <null>                                                             false    
PartsSupplier                                                      pg_catalog                                                         asPGVector                                                         asPGVector                                                         tid:7ff2755e9621-e548fc4c-0000007b                  <null>                                                             false    
PartsSupplier                                                      pg_catalog                                                         pg_get_expr                                                        pg_get_expr                                                        tid:7ff2755e9621-e8caf286-00000079                  <null>                                                             false    
PartsSupplier                                                      pg_catalog                                                         pg_get_expr                                                        pg_get_expr                                                        tid:7ff2755e9621-e8caf286-0000007a                  <null>                                                             false    
Row Count : 6
getColumnName  getColumnType  getCatalogName  getColumnClassName  getColumnLabel  getColumnTypeName  getSchemaName  getTableName  getColumnDisplaySize  getPrecision  getScale  isAutoIncrement  isCaseSensitive  isCurrency  isDefinitelyWritable  isNullable  isReadOnly  isSearchable  isSigned  isWritable  
VDBName        12             PartsSupplier   java.lang.String    VDBName         string             SYS            Functions     255                   255           0         false            true             false       false                 0           true        true          false     false       
SchemaName     12             PartsSupplier   java.lang.String    SchemaName      string             SYS            Functions     255                   255           0         false            true             false       false                 1           true        true          false     false       
Name           12             PartsSupplier   java.lang.String    Name            string             SYS            Functions     255                   255           0         false            true             false       false                 0           true        true          false     false       
NameInSource   12             PartsSupplier   java.lang.String    NameInSource    string             SYS            Functions     255                   255           0         false            true             false       false                 1           true        true          false     false       
UID            12             PartsSupplier   java.lang.String    UID             string             SYS            Functions     50                    50            0         false            true             false       false                 0           true        true          false     false       
Description    12             PartsSupplier   java.lang.String    Description     string             SYS            Functions     255                   255           0         false            true             false       false                 1           true        true          false     false       
IsVarArgs      -7             PartsSupplier   java.lang.Boolean   IsVarArgs       boolean            SYS            Functions     5                     1             0         false            false            false       false                 1           true        true          false     false       
