string                                                             string                                                             string                                                             string                string                                                             boolean     boolean          string                                              integer      string                                                             boolean   boolean         integer    
VDBName                                                            SchemaName                                                         Name                                                               Type                  NameInSource                                                       IsPhysical  SupportsUpdates  UID                                                 Cardinality  Description                                                        IsSystem  IsMaterialized  OID        
PartsSupplier                                                      SYS                                                                Columns                                                            Table                 <null>                                                             true        false            mmuuid:1c9a5cb2-17b1-4e4a-8b0e-3a42bd052509         -1           <null>                                                             true      false           8          
PartsSupplier                                                      SYS                                                                DataTypes                                                          Table                 <null>                                                             true        false            mmuuid:9a8794f9-66f8-49e8-8576-89d212d0f957         -1           <null>                                                             true      false           9          
PartsSupplier                                                      SYS                                                                KeyColumns                                                         Table                 <null>                                                             true        false            mmuuid:14946083-3bd5-42d5-8283-1c0694347c29         -1           <null>                                                             true      false           10         
PartsSupplier                                                      SYS                                                                Keys                                                               Table                 <null>                                                             true        false            mmuuid:1e5135dc-ce5d-4b25-a8ff-63f5440b3108         -1           <null>                                                             true      false           11         
PartsSupplier                                                      SYSADMIN                                                           MatViews                                                           Table                 <null>                                                             true        false            mmuuid:520ba1e8-3553-460f-8d18-9b43f089e256         -1           <null>                                                             true      false           6          
PartsSupplier                                                      PartsSupplier                                                      PARTSSUPPLIER.PARTS                                                Table                 PARTS                                                              true        true             mmuuid:f6276601-73fe-1edc-a81c-ecf397b10590         16           <null>                                                             false     false           1          
PartsSupplier                                                      PartsSupplier                                                      PARTSSUPPLIER.SHIP_VIA                                             Table                 SHIP_VIA                                                           true        true             mmuuid:0f4e9b80-73ff-1edc-a81c-ecf397b10590         4            <null>                                                             false     false           2          
PartsSupplier                                                      PartsSupplier                                                      PARTSSUPPLIER.STATUS                                               Table                 STATUS                                                             true        true             mmuuid:1f297200-73ff-1edc-a81c-ecf397b10590         3            <null>                                                             false     false           3          
PartsSupplier                                                      PartsSupplier                                                      PARTSSUPPLIER.SUPPLIER                                             Table                 SUPPLIER                                                           true        true             mmuuid:2c371ec0-73ff-1edc-a81c-ecf397b10590         16           <null>                                                             false     false           4          
PartsSupplier                                                      PartsSupplier                                                      PARTSSUPPLIER.SUPPLIER_PARTS                                       Table                 SUPPLIER_PARTS                                                     true        true             mmuuid:3deafb00-73ff-1edc-a81c-ecf397b10590         227          <null>                                                             false     false           5          
PartsSupplier                                                      SYS                                                                ProcedureParams                                                    Table                 <null>                                                             true        false            mmuuid:a56bd7fe-c87a-411c-8f5d-661975a25626         -1           <null>                                                             true      false           12         
PartsSupplier                                                      SYS                                                                Procedures                                                         Table                 <null>                                                             true        false            mmuuid:0bc132a5-9f8d-4a3c-9f5d-98156a98a962         -1           <null>                                                             true      false           13         
PartsSupplier                                                      SYS                                                                Properties                                                         Table                 <null>                                                             true        false            mmuuid:7a45e50a-d03f-4548-ba35-761651bbca85         -1           <null>                                                             true      false           14         
PartsSupplier                                                      SYS                                                                ReferenceKeyColumns                                                Table                 <null>                                                             true        false            mmuuid:6a9653e8-a337-41b2-86fa-77b98f409a29         -1           <null>                                                             true      false           15         
PartsSupplier                                                      SYS                                                                Schemas                                                            Table                 <null>                                                             true        false            mmuuid:8648a554-b2ad-4e8e-84ca-2ec618b311a9         -1           <null>                                                             true      false           16         
PartsSupplier                                                      SYS                                                                Tables                                                             Table                 <null>                                                             true        false            mmuuid:8551b3bd-11cc-4049-9bcf-fe91a0eb7ba7         -1           <null>                                                             true      false           17         
PartsSupplier                                                      SYSADMIN                                                           VDBResources                                                       Table                 <null>                                                             true        false            mmuuid:1785804d-beaf-4831-9531-e59164fedd49         -1           <null>                                                             true      false           7          
PartsSupplier                                                      SYS                                                                VirtualDatabases                                                   Table                 <null>                                                             true        false            mmuuid:47297c72-d621-4f4e-af4e-74060ac5f489         -1           <null>                                                             true      false           18         
PartsSupplier                                                      pg_catalog                                                         matpg_datatype                                                     Table                 <null>                                                             false       false            mmuid:0f312b3c-98ca-4a09-81fa-f1ff83f0a6c1          -1           <null>                                                             true      true            19         
PartsSupplier                                                      pg_catalog                                                         matpg_relatt                                                       Table                 <null>                                                             false       false            mmuid:0b0894ba-e1ea-4eaf-bcd2-ea9ebd05e47d          -1           <null>                                                             true      true            20         
PartsSupplier                                                      pg_catalog                                                         pg_am                                                              Table                 <null>                                                             false       false            mmuid:da4b747e-7d87-403a-8309-2cdf1399031b          -1           <null>                                                             true      false           21         
PartsSupplier                                                      pg_catalog                                                         pg_attrdef                                                         Table                 <null>                                                             false       false            mmuid:e9b278d4-49af-442f-9a5a-b699fe3b102b          -1           <null>                                                             true      false           22         
PartsSupplier                                                      pg_catalog                                                         pg_attribute                                                       Table                 <null>                                                             false       false            mmuid:fa463d98-365f-489a-a707-025193cb51eb          -1           <null>                                                             true      true            23         
PartsSupplier                                                      pg_catalog                                                         pg_class                                                           Table                 <null>                                                             false       false            mmuid:7e21f2e6-06e3-4bca-9b01-72ea47821560          -1           <null>                                                             true      true            24         
PartsSupplier                                                      pg_catalog                                                         pg_database                                                        Table                 <null>                                                             false       false            mmuid:1aedd02c-5801-41e7-accd-da1f257c26e8          -1           <null>                                                             true      false           25         
PartsSupplier                                                      pg_catalog                                                         pg_index                                                           Table                 <null>                                                             false       false            mmuid:8709e084-48df-417d-b3f8-f4e9b7d8802b          -1           <null>                                                             true      true            26         
PartsSupplier                                                      pg_catalog                                                         pg_namespace                                                       Table                 <null>                                                             false       false            mmuid:6609866a-3d7b-4f4b-95fe-ebfac769d699          -1           <null>                                                             true      false           27         
PartsSupplier                                                      pg_catalog                                                         pg_proc                                                            Table                 <null>                                                             false       false            mmuid:b288b3aa-37f2-4a8e-8b1b-e932a2ce3e25          -1           <null>                                                             true      true            28         
PartsSupplier                                                      pg_catalog                                                         pg_trigger                                                         Table                 <null>                                                             false       false            mmuid:64977f3e-f2a0-466e-a5d1-80bb058cbe08          -1           <null>                                                             true      false           29         
PartsSupplier                                                      pg_catalog                                                         pg_type                                                            Table                 <null>                                                             false       false            mmuid:9462e3f8-cd3c-414f-a570-f6f33c40e36a          -1           <null>                                                             true      false           30         
PartsSupplier                                                      pg_catalog                                                         pg_user                                                            Table                 <null>                                                             false       false            mmuid:236445e1-408c-40a1-a61c-40e96fb5dc9f          -1           <null>                                                             true      false           31         
Row Count : 31
getColumnName    getColumnType  getCatalogName  getColumnClassName  getColumnLabel   getColumnTypeName  getSchemaName  getTableName  getColumnDisplaySize  getPrecision  getScale  isAutoIncrement  isCaseSensitive  isCurrency  isDefinitelyWritable  isNullable  isReadOnly  isSearchable  isSigned  isWritable  
VDBName          12             PartsSupplier   java.lang.String    VDBName          string             SYS            Tables        255                   255           0         false            true             false       true                  1           false       true          true      true        
SchemaName       12             PartsSupplier   java.lang.String    SchemaName       string             SYS            Tables        255                   255           0         false            true             false       true                  1           false       true          true      true        
Name             12             PartsSupplier   java.lang.String    Name             string             SYS            Tables        255                   255           0         false            true             false       false                 0           true        true          false     false       
Type             12             PartsSupplier   java.lang.String    Type             string             SYS            Tables        20                    20            0         false            false            false       false                 0           true        true          false     false       
NameInSource     12             PartsSupplier   java.lang.String    NameInSource     string             SYS            Tables        255                   255           0         false            true             false       false                 1           true        true          false     false       
IsPhysical       -7             PartsSupplier   java.lang.Boolean   IsPhysical       boolean            SYS            Tables        5                     1             0         false            true             false       false                 0           true        true          false     false       
SupportsUpdates  -7             PartsSupplier   java.lang.Boolean   SupportsUpdates  boolean            SYS            Tables        5                     1             0         false            false            false       false                 0           true        true          false     false       
UID              12             PartsSupplier   java.lang.String    UID              string             SYS            Tables        50                    50            0         false            false            false       false                 0           true        true          false     false       
Cardinality      4              PartsSupplier   java.lang.Integer   Cardinality      integer            SYS            Tables        11                    10            0         false            true             false       false                 0           true        true          true      false       
Description      12             PartsSupplier   java.lang.String    Description      string             SYS            Tables        255                   255           0         false            true             false       true                  1           false       true          true      true        
IsSystem         -7             PartsSupplier   java.lang.Boolean   IsSystem         boolean            SYS            Tables        5                     1             0         false            true             false       true                  1           false       true          true      true        
IsMaterialized   -7             PartsSupplier   java.lang.Boolean   IsMaterialized   boolean            SYS            Tables        5                     1             0         false            false            false       true                  0           false       true          false     true        
OID              4              PartsSupplier   java.lang.Integer   OID              integer            SYS            Tables        11                    10            0         false            false            false       false                 0           true        true          false     false       
