string                                                             string                                              string                                              string                                                             string                                                             string                                                             string                                              string                                              string                                                             string                                                             string                                                           
VDBName                                                            UID                                                 object_type                                         SchemaName                                                         Name                                                               ElementName                                                        Uses_UID                                            Uses_object_type                                    Uses_SchemaName                                                    Uses_Name                                                          Uses_ElementName                                                 
PartsSupplier                                                      tid:60b87e792634-1388485f-00000065                  StoredProcedure                                     SYSADMIN                                                           loadMatView                                                        <null>                                                             tid:2cb59cfd55db-3f9f6953-00000093                  Table                                               SYS                                                                Properties                                                         <null>                                                           
PartsSupplier                                                      tid:60b87e792634-1388485f-00000065                  StoredProcedure                                     SYSADMIN                                                           loadMatView                                                        <null>                                                             tid:60b87e792634-14d6450e-0000000e                  Table                                               SYSADMIN                                                           MatViews                                                           <null>                                                           
PartsSupplier                                                      tid:60b87e792634-1388485f-00000065                  StoredProcedure                                     SYSADMIN                                                           loadMatView                                                        <null>                                                             tid:2cb59cfd55db-a9e11fad-000000c4                  Table                                               SYS                                                                VirtualDatabases                                                   <null>                                                           
PartsSupplier                                                      tid:60b87e792634-1388485f-00000065                  StoredProcedure                                     SYSADMIN                                                           loadMatView                                                        <null>                                                             tid:2cb59cfd55db-94dc2a85-000000b3                  Table                                               SYS                                                                Tables                                                             <null>                                                           
PartsSupplier                                                      tid:60b87e792634-1388485f-00000065                  StoredProcedure                                     SYSADMIN                                                           loadMatView                                                        <null>                                                             tid:2cb59cfd55db-aff6b881-000000c5                  Column                                              SYS                                                                VirtualDatabases                                                   Name                                                             
PartsSupplier                                                      tid:60b87e792634-1388485f-00000065                  StoredProcedure                                     SYSADMIN                                                           loadMatView                                                        <null>                                                             tid:2cb59cfd55db-27ff7e8e-000000c6                  Column                                              SYS                                                                VirtualDatabases                                                   Version                                                          
PartsSupplier                                                      tid:60b87e792634-1388485f-00000065                  StoredProcedure                                     SYSADMIN                                                           loadMatView                                                        <null>                                                             tid:2cb59cfd55db-b8dda190-000000bb                  Column                                              SYS                                                                Tables                                                             UID                                                              
PartsSupplier                                                      tid:60b87e792634-1388485f-00000065                  StoredProcedure                                     SYSADMIN                                                           loadMatView                                                        <null>                                                             tid:2cb59cfd55db-f604c95f-000000b4                  Column                                              SYS                                                                Tables                                                             VDBName                                                          
PartsSupplier                                                      tid:60b87e792634-1388485f-00000065                  StoredProcedure                                     SYSADMIN                                                           loadMatView                                                        <null>                                                             tid:2cb59cfd55db-14eea14c-000000b5                  Column                                              SYS                                                                Tables                                                             SchemaName                                                       
PartsSupplier                                                      tid:60b87e792634-1388485f-00000065                  StoredProcedure                                     SYSADMIN                                                           loadMatView                                                        <null>                                                             tid:2cb59cfd55db-b901480b-000000b6                  Column                                              SYS                                                                Tables                                                             Name                                                             
PartsSupplier                                                      tid:60b87e792634-1388485f-00000065                  StoredProcedure                                     SYSADMIN                                                           loadMatView                                                        <null>                                                             tid:2cb59cfd55db-d1b22301-000000bf                  Column                                              SYS                                                                Tables                                                             IsMaterialized                                                   
PartsSupplier                                                      tid:60b87e792634-1388485f-00000065                  StoredProcedure                                     SYSADMIN                                                           loadMatView                                                        <null>                                                             tid:2cb59cfd55db-0fb93743-00000095                  Column                                              SYS                                                                Properties                                                         Value                                                            
PartsSupplier                                                      tid:60b87e792634-1388485f-00000065                  StoredProcedure                                     SYSADMIN                                                           loadMatView                                                        <null>                                                             tid:2cb59cfd55db-0ad0de22-00000096                  Column                                              SYS                                                                Properties                                                         UID                                                              
PartsSupplier                                                      tid:60b87e792634-1388485f-00000065                  StoredProcedure                                     SYSADMIN                                                           loadMatView                                                        <null>                                                             tid:2cb59cfd55db-0af4849d-00000094                  Column                                              SYS                                                                Properties                                                         Name                                                             
PartsSupplier                                                      tid:60b87e792634-1388485f-00000065                  StoredProcedure                                     SYSADMIN                                                           loadMatView                                                        <null>                                                             tid:60b87e792634-6a4a9422-00000013                  Column                                              SYSADMIN                                                           MatViews                                                           TargetName                                                       
PartsSupplier                                                      tid:60b87e792634-1388485f-00000065                  StoredProcedure                                     SYSADMIN                                                           loadMatView                                                        <null>                                                             tid:60b87e792634-13a2f845-0000000f                  Column                                              SYSADMIN                                                           MatViews                                                           VDBName                                                          
PartsSupplier                                                      tid:60b87e792634-1388485f-00000065                  StoredProcedure                                     SYSADMIN                                                           loadMatView                                                        <null>                                                             tid:60b87e792634-328cd032-00000010                  Column                                              SYSADMIN                                                           MatViews                                                           SchemaName                                                       
PartsSupplier                                                      tid:60b87e792634-1388485f-00000065                  StoredProcedure                                     SYSADMIN                                                           loadMatView                                                        <null>                                                             tid:60b87e792634-d69f76f1-00000011                  Column                                              SYSADMIN                                                           MatViews                                                           Name                                                             
PartsSupplier                                                      tid:60b87e792634-d8ee3f1c-0000006a                  StoredProcedure                                     SYSADMIN                                                           updateMatView                                                      <null>                                                             tid:2cb59cfd55db-3f9f6953-00000093                  Table                                               SYS                                                                Properties                                                         <null>                                                           
PartsSupplier                                                      tid:60b87e792634-d8ee3f1c-0000006a                  StoredProcedure                                     SYSADMIN                                                           updateMatView                                                      <null>                                                             tid:60b87e792634-14d6450e-0000000e                  Table                                               SYSADMIN                                                           MatViews                                                           <null>                                                           
PartsSupplier                                                      tid:60b87e792634-d8ee3f1c-0000006a                  StoredProcedure                                     SYSADMIN                                                           updateMatView                                                      <null>                                                             tid:2cb59cfd55db-a9e11fad-000000c4                  Table                                               SYS                                                                VirtualDatabases                                                   <null>                                                           
PartsSupplier                                                      tid:60b87e792634-d8ee3f1c-0000006a                  StoredProcedure                                     SYSADMIN                                                           updateMatView                                                      <null>                                                             tid:2cb59cfd55db-94dc2a85-000000b3                  Table                                               SYS                                                                Tables                                                             <null>                                                           
PartsSupplier                                                      tid:60b87e792634-d8ee3f1c-0000006a                  StoredProcedure                                     SYSADMIN                                                           updateMatView                                                      <null>                                                             tid:2cb59cfd55db-aff6b881-000000c5                  Column                                              SYS                                                                VirtualDatabases                                                   Name                                                             
PartsSupplier                                                      tid:60b87e792634-d8ee3f1c-0000006a                  StoredProcedure                                     SYSADMIN                                                           updateMatView                                                      <null>                                                             tid:2cb59cfd55db-27ff7e8e-000000c6                  Column                                              SYS                                                                VirtualDatabases                                                   Version                                                          
PartsSupplier                                                      tid:60b87e792634-d8ee3f1c-0000006a                  StoredProcedure                                     SYSADMIN                                                           updateMatView                                                      <null>                                                             tid:2cb59cfd55db-b8dda190-000000bb                  Column                                              SYS                                                                Tables                                                             UID                                                              
PartsSupplier                                                      tid:60b87e792634-d8ee3f1c-0000006a                  StoredProcedure                                     SYSADMIN                                                           updateMatView                                                      <null>                                                             tid:2cb59cfd55db-f604c95f-000000b4                  Column                                              SYS                                                                Tables                                                             VDBName                                                          
PartsSupplier                                                      tid:60b87e792634-d8ee3f1c-0000006a                  StoredProcedure                                     SYSADMIN                                                           updateMatView                                                      <null>                                                             tid:2cb59cfd55db-14eea14c-000000b5                  Column                                              SYS                                                                Tables                                                             SchemaName                                                       
PartsSupplier                                                      tid:60b87e792634-d8ee3f1c-0000006a                  StoredProcedure                                     SYSADMIN                                                           updateMatView                                                      <null>                                                             tid:2cb59cfd55db-b901480b-000000b6                  Column                                              SYS                                                                Tables                                                             Name                                                             
PartsSupplier                                                      tid:60b87e792634-d8ee3f1c-0000006a                  StoredProcedure                                     SYSADMIN                                                           updateMatView                                                      <null>                                                             tid:2cb59cfd55db-d1b22301-000000bf                  Column                                              SYS                                                                Tables                                                             IsMaterialized                                                   
PartsSupplier                                                      tid:60b87e792634-d8ee3f1c-0000006a                  StoredProcedure                                     SYSADMIN                                                           updateMatView                                                      <null>                                                             tid:2cb59cfd55db-0fb93743-00000095                  Column                                              SYS                                                                Properties                                                         Value                                                            
PartsSupplier                                                      tid:60b87e792634-d8ee3f1c-0000006a                  StoredProcedure                                     SYSADMIN                                                           updateMatView                                                      <null>                                                             tid:2cb59cfd55db-0ad0de22-00000096                  Column                                              SYS                                                                Properties                                                         UID                                                              
PartsSupplier                                                      tid:60b87e792634-d8ee3f1c-0000006a                  StoredProcedure                                     SYSADMIN                                                           updateMatView                                                      <null>                                                             tid:2cb59cfd55db-0af4849d-00000094                  Column                                              SYS                                                                Properties                                                         Name                                                             
PartsSupplier                                                      tid:60b87e792634-d8ee3f1c-0000006a                  StoredProcedure                                     SYSADMIN                                                           updateMatView                                                      <null>                                                             tid:60b87e792634-6a4a9422-00000013                  Column                                              SYSADMIN                                                           MatViews                                                           TargetName                                                       
PartsSupplier                                                      tid:60b87e792634-d8ee3f1c-0000006a                  StoredProcedure                                     SYSADMIN                                                           updateMatView                                                      <null>                                                             tid:60b87e792634-13a2f845-0000000f                  Column                                              SYSADMIN                                                           MatViews                                                           VDBName                                                          
PartsSupplier                                                      tid:60b87e792634-d8ee3f1c-0000006a                  StoredProcedure                                     SYSADMIN                                                           updateMatView                                                      <null>                                                             tid:60b87e792634-328cd032-00000010                  Column                                              SYSADMIN                                                           MatViews                                                           SchemaName                                                       
PartsSupplier                                                      tid:60b87e792634-d8ee3f1c-0000006a                  StoredProcedure                                     SYSADMIN                                                           updateMatView                                                      <null>                                                             tid:60b87e792634-d69f76f1-00000011                  Column                                              SYSADMIN                                                           MatViews                                                           Name                                                             
PartsSupplier                                                      tid:60b87e792634-f786f077-00000059                  StoredProcedure                                     SYSADMIN                                                           matViewStatus                                                      <null>                                                             tid:2cb59cfd55db-3f9f6953-00000093                  Table                                               SYS                                                                Properties                                                         <null>                                                           
PartsSupplier                                                      tid:60b87e792634-f786f077-00000059                  StoredProcedure                                     SYSADMIN                                                           matViewStatus                                                      <null>                                                             tid:2cb59cfd55db-a9e11fad-000000c4                  Table                                               SYS                                                                VirtualDatabases                                                   <null>                                                           
PartsSupplier                                                      tid:60b87e792634-f786f077-00000059                  StoredProcedure                                     SYSADMIN                                                           matViewStatus                                                      <null>                                                             tid:2cb59cfd55db-94dc2a85-000000b3                  Table                                               SYS                                                                Tables                                                             <null>                                                           
PartsSupplier                                                      tid:60b87e792634-f786f077-00000059                  StoredProcedure                                     SYSADMIN                                                           matViewStatus                                                      <null>                                                             tid:2cb59cfd55db-aff6b881-000000c5                  Column                                              SYS                                                                VirtualDatabases                                                   Name                                                             
PartsSupplier                                                      tid:60b87e792634-f786f077-00000059                  StoredProcedure                                     SYSADMIN                                                           matViewStatus                                                      <null>                                                             tid:2cb59cfd55db-27ff7e8e-000000c6                  Column                                              SYS                                                                VirtualDatabases                                                   Version                                                          
PartsSupplier                                                      tid:60b87e792634-f786f077-00000059                  StoredProcedure                                     SYSADMIN                                                           matViewStatus                                                      <null>                                                             tid:2cb59cfd55db-b8dda190-000000bb                  Column                                              SYS                                                                Tables                                                             UID                                                              
PartsSupplier                                                      tid:60b87e792634-f786f077-00000059                  StoredProcedure                                     SYSADMIN                                                           matViewStatus                                                      <null>                                                             tid:2cb59cfd55db-f604c95f-000000b4                  Column                                              SYS                                                                Tables                                                             VDBName                                                          
PartsSupplier                                                      tid:60b87e792634-f786f077-00000059                  StoredProcedure                                     SYSADMIN                                                           matViewStatus                                                      <null>                                                             tid:2cb59cfd55db-14eea14c-000000b5                  Column                                              SYS                                                                Tables                                                             SchemaName                                                       
PartsSupplier                                                      tid:60b87e792634-f786f077-00000059                  StoredProcedure                                     SYSADMIN                                                           matViewStatus                                                      <null>                                                             tid:2cb59cfd55db-b901480b-000000b6                  Column                                              SYS                                                                Tables                                                             Name                                                             
PartsSupplier                                                      tid:60b87e792634-f786f077-00000059                  StoredProcedure                                     SYSADMIN                                                           matViewStatus                                                      <null>                                                             tid:2cb59cfd55db-d1b22301-000000bf                  Column                                              SYS                                                                Tables                                                             IsMaterialized                                                   
PartsSupplier                                                      tid:60b87e792634-f786f077-00000059                  StoredProcedure                                     SYSADMIN                                                           matViewStatus                                                      <null>                                                             tid:2cb59cfd55db-0fb93743-00000095                  Column                                              SYS                                                                Properties                                                         Value                                                            
PartsSupplier                                                      tid:60b87e792634-f786f077-00000059                  StoredProcedure                                     SYSADMIN                                                           matViewStatus                                                      <null>                                                             tid:2cb59cfd55db-0ad0de22-00000096                  Column                                              SYS                                                                Properties                                                         UID                                                              
PartsSupplier                                                      tid:60b87e792634-f786f077-00000059                  StoredProcedure                                     SYSADMIN                                                           matViewStatus                                                      <null>                                                             tid:2cb59cfd55db-0af4849d-00000094                  Column                                              SYS                                                                Properties                                                         Name                                                             
Row Count : 49
getColumnName     getColumnType  getCatalogName  getColumnClassName  getColumnLabel    getColumnTypeName  getSchemaName  getTableName  getColumnDisplaySize  getPrecision  getScale  isAutoIncrement  isCaseSensitive  isCurrency  isDefinitelyWritable  isNullable  isReadOnly  isSearchable  isSigned  isWritable  
VDBName           12             PartsSupplier   java.lang.String    VDBName           string             SYSADMIN       Usage         255                   255           0         false            true             false       false                 0           true        true          false     false       
UID               12             PartsSupplier   java.lang.String    UID               string             SYSADMIN       Usage         50                    50            0         false            true             false       false                 0           true        true          false     false       
object_type       12             PartsSupplier   java.lang.String    object_type       string             SYSADMIN       Usage         50                    50            0         false            true             false       false                 0           true        true          false     false       
SchemaName        12             PartsSupplier   java.lang.String    SchemaName        string             SYSADMIN       Usage         255                   255           0         false            true             false       false                 0           true        true          false     false       
Name              12             PartsSupplier   java.lang.String    Name              string             SYSADMIN       Usage         255                   255           0         false            true             false       false                 0           true        true          false     false       
ElementName       12             PartsSupplier   java.lang.String    ElementName       string             SYSADMIN       Usage         255                   255           0         false            true             false       false                 0           true        true          false     false       
Uses_UID          12             PartsSupplier   java.lang.String    Uses_UID          string             SYSADMIN       Usage         50                    50            0         false            true             false       false                 0           true        true          false     false       
Uses_object_type  12             PartsSupplier   java.lang.String    Uses_object_type  string             SYSADMIN       Usage         50                    50            0         false            true             false       false                 0           true        true          false     false       
Uses_SchemaName   12             PartsSupplier   java.lang.String    Uses_SchemaName   string             SYSADMIN       Usage         255                   255           0         false            true             false       false                 0           true        true          false     false       
Uses_Name         12             PartsSupplier   java.lang.String    Uses_Name         string             SYSADMIN       Usage         255                   255           0         false            true             false       false                 0           true        true          false     false       
Uses_ElementName  12             PartsSupplier   java.lang.String    Uses_ElementName  string             SYSADMIN       Usage         255                   255           0         false            true             false       false                 0           true        true          false     false       
