string                                                             string                                                             string                                                             string                                                             string                                                             string                                                             string                boolean    string                                              string                                              integer    
VDBName                                                            SchemaName                                                         TableName                                                          Name                                                               Description                                                        NameInSource                                                       Type                  IsIndexed  RefKeyUID                                           UID                                                 OID        
PartsSupplier                                                      PartsSupplier                                                      PARTSSUPPLIER.SUPPLIER_PARTS                                       FK_SPLIER_PRTS_PRTS                                                <null>                                                             FK_SPLIER_PRTS_PRTS                                                Foreign               false      mmuuid:07db4240-73ff-1edc-a81c-ecf397b10590         mmuuid:66ddc4c0-73ff-1edc-a81c-ecf397b10590         7          
PartsSupplier                                                      PartsSupplier                                                      PARTSSUPPLIER.SUPPLIER                                             FK_SPLIER_STATS                                                    <null>                                                             FK_SPLIER_STATS                                                    Foreign               false      mmuuid:25a8a740-73ff-1edc-a81c-ecf397b10590         mmuuid:5ac43c00-73ff-1edc-a81c-ecf397b10590         5          
PartsSupplier                                                      PartsSupplier                                                      PARTSSUPPLIER.SUPPLIER_PARTS                                       FK_SPLY_PRTS_SPLY                                                  <null>                                                             FK_SPLY_PRTS_SPLY                                                  Foreign               false      mmuuid:375c8380-73ff-1edc-a81c-ecf397b10590         mmuuid:66ddc4c1-73ff-1edc-a81c-ecf397b10590         8          
PartsSupplier                                                      PartsSupplier                                                      PARTSSUPPLIER.PARTS                                                PK_PARTS                                                           <null>                                                             <null>                                                             Primary               false      <null>                                              mmuuid:07db4240-73ff-1edc-a81c-ecf397b10590         1          
PartsSupplier                                                      PartsSupplier                                                      PARTSSUPPLIER.SHIP_VIA                                             PK_SHIP_VIA                                                        <null>                                                             <null>                                                             Primary               false      <null>                                              mmuuid:18aa3cc0-73ff-1edc-a81c-ecf397b10590         2          
PartsSupplier                                                      PartsSupplier                                                      PARTSSUPPLIER.STATUS                                               PK_STATUS                                                          <null>                                                             <null>                                                             Primary               false      <null>                                              mmuuid:25a8a740-73ff-1edc-a81c-ecf397b10590         3          
PartsSupplier                                                      PartsSupplier                                                      PARTSSUPPLIER.SUPPLIER                                             PK_SUPPLIER                                                        <null>                                                             <null>                                                             Primary               false      <null>                                              mmuuid:375c8380-73ff-1edc-a81c-ecf397b10590         4          
PartsSupplier                                                      PartsSupplier                                                      PARTSSUPPLIER.SUPPLIER_PARTS                                       PK_SUPPLIER_PARTS                                                  <null>                                                             <null>                                                             Primary               false      <null>                                              mmuuid:455e5440-73ff-1edc-a81c-ecf397b10590         6          
PartsSupplier                                                      pg_catalog                                                         matpg_relatt                                                       idx_matpg_relatt_ids                                               <null>                                                             <null>                                                             Index                 false      <null>                                              tid:7ff2755e9621-2a649312-00000067                  12         
PartsSupplier                                                      pg_catalog                                                         matpg_datatype                                                     matpg_datatype_ids                                                 <null>                                                             <null>                                                             Index                 false      <null>                                              tid:7ff2755e9621-ed0fa7f1-0000006f                  10         
PartsSupplier                                                      pg_catalog                                                         matpg_datatype                                                     matpg_datatype_names                                               <null>                                                             <null>                                                             Primary               false      <null>                                              tid:7ff2755e9621-e36b5941-0000006e                  9          
PartsSupplier                                                      pg_catalog                                                         matpg_relatt                                                       pk_matpg_relatt_names                                              <null>                                                             <null>                                                             Primary               false      <null>                                              tid:7ff2755e9621-965abee4-00000066                  11         
PartsSupplier                                                      pg_catalog                                                         pg_attribute                                                       pk_pg_attr                                                         <null>                                                             <null>                                                             Primary               false      <null>                                              tid:7ff2755e9621-db38c73a-0000001a                  13         
PartsSupplier                                                      pg_catalog                                                         pg_class                                                           pk_pg_class                                                        <null>                                                             <null>                                                             Primary               false      <null>                                              tid:7ff2755e9621-265d38e8-0000000e                  14         
PartsSupplier                                                      pg_catalog                                                         pg_index                                                           pk_pg_index                                                        <null>                                                             <null>                                                             Primary               false      <null>                                              tid:7ff2755e9621-dd3e1454-00000030                  15         
PartsSupplier                                                      pg_catalog                                                         pg_proc                                                            pk_pg_proc                                                         <null>                                                             <null>                                                             Primary               false      <null>                                              tid:7ff2755e9621-2e2ffa61-0000003f                  16         
Row Count : 16
getColumnName  getColumnType  getCatalogName  getColumnClassName  getColumnLabel  getColumnTypeName  getSchemaName  getTableName  getColumnDisplaySize  getPrecision  getScale  isAutoIncrement  isCaseSensitive  isCurrency  isDefinitelyWritable  isNullable  isReadOnly  isSearchable  isSigned  isWritable  
VDBName        12             PartsSupplier   java.lang.String    VDBName         string             SYS            Keys          255                   255           0         false            true             false       false                 0           true        true          false     false       
SchemaName     12             PartsSupplier   java.lang.String    SchemaName      string             SYS            Keys          255                   255           0         false            true             false       false                 1           true        true          false     false       
TableName      12             PartsSupplier   java.lang.String    TableName       string             SYS            Keys          2048                  2048          0         false            true             false       false                 0           true        true          false     false       
Name           12             PartsSupplier   java.lang.String    Name            string             SYS            Keys          255                   255           0         false            true             false       false                 0           true        true          false     false       
Description    12             PartsSupplier   java.lang.String    Description     string             SYS            Keys          255                   255           0         false            true             false       false                 1           true        true          false     false       
NameInSource   12             PartsSupplier   java.lang.String    NameInSource    string             SYS            Keys          255                   255           0         false            true             false       false                 1           true        true          false     false       
Type           12             PartsSupplier   java.lang.String    Type            string             SYS            Keys          20                    20            0         false            true             false       false                 0           true        true          false     false       
IsIndexed      -7             PartsSupplier   java.lang.Boolean   IsIndexed       boolean            SYS            Keys          5                     1             0         false            false            false       false                 0           true        true          false     false       
RefKeyUID      12             PartsSupplier   java.lang.String    RefKeyUID       string             SYS            Keys          50                    50            0         false            true             false       false                 1           true        true          false     false       
UID            12             PartsSupplier   java.lang.String    UID             string             SYS            Keys          50                    50            0         false            true             false       false                 0           true        true          false     false       
OID            4              PartsSupplier   java.lang.Integer   OID             integer            SYS            Keys          11                    10            0         false            false            false       false                 0           true        true          true      false       
