string                                                             string                                                             string                                                             string                                                             string                                                             string                string                                              string                                              integer      integer    
VDBName                                                            SchemaName                                                         TableName                                                          Name                                                               KeyName                                                            KeyType               RefKeyUID                                           UID                                                 Position     OID        
PartsSupplier                                                      PartsSupplier                                                      PARTSSUPPLIER.SUPPLIER_PARTS                                       PART_ID                                                            FK_SPLIER_PRTS_PRTS                                                Foreign               mmuuid:07db4240-73ff-1edc-a81c-ecf397b10590         mmuuid:66ddc4c0-73ff-1edc-a81c-ecf397b10590         1            8          
PartsSupplier                                                      PartsSupplier                                                      PARTSSUPPLIER.PARTS                                                PART_ID                                                            PK_PARTS                                                           Primary               <null>                                              mmuuid:07db4240-73ff-1edc-a81c-ecf397b10590         1            1          
PartsSupplier                                                      PartsSupplier                                                      PARTSSUPPLIER.SUPPLIER_PARTS                                       PART_ID                                                            PK_SUPPLIER_PARTS                                                  Primary               <null>                                              mmuuid:455e5440-73ff-1edc-a81c-ecf397b10590         2            7          
PartsSupplier                                                      PartsSupplier                                                      PARTSSUPPLIER.SHIP_VIA                                             SHIPPER_ID                                                         PK_SHIP_VIA                                                        Primary               <null>                                              mmuuid:18aa3cc0-73ff-1edc-a81c-ecf397b10590         1            2          
PartsSupplier                                                      PartsSupplier                                                      PARTSSUPPLIER.STATUS                                               STATUS_ID                                                          PK_STATUS                                                          Primary               <null>                                              mmuuid:25a8a740-73ff-1edc-a81c-ecf397b10590         1            3          
PartsSupplier                                                      PartsSupplier                                                      PARTSSUPPLIER.SUPPLIER_PARTS                                       SUPPLIER_ID                                                        FK_SPLY_PRTS_SPLY                                                  Foreign               mmuuid:375c8380-73ff-1edc-a81c-ecf397b10590         mmuuid:66ddc4c1-73ff-1edc-a81c-ecf397b10590         1            9          
PartsSupplier                                                      PartsSupplier                                                      PARTSSUPPLIER.SUPPLIER                                             SUPPLIER_ID                                                        PK_SUPPLIER                                                        Primary               <null>                                              mmuuid:375c8380-73ff-1edc-a81c-ecf397b10590         1            4          
PartsSupplier                                                      PartsSupplier                                                      PARTSSUPPLIER.SUPPLIER_PARTS                                       SUPPLIER_ID                                                        PK_SUPPLIER_PARTS                                                  Primary               <null>                                              mmuuid:455e5440-73ff-1edc-a81c-ecf397b10590         1            6          
PartsSupplier                                                      PartsSupplier                                                      PARTSSUPPLIER.SUPPLIER                                             SUPPLIER_STATUS                                                    FK_SPLIER_STATS                                                    Foreign               mmuuid:25a8a740-73ff-1edc-a81c-ecf397b10590         mmuuid:5ac43c00-73ff-1edc-a81c-ecf397b10590         1            5          
PartsSupplier                                                      pg_catalog                                                         matpg_relatt                                                       attname                                                            pk_matpg_relatt_names                                              Primary               <null>                                              mmuid:17448311-6679-4dfd-aeb6-4aabbd894729          1            14         
PartsSupplier                                                      pg_catalog                                                         matpg_relatt                                                       attnum                                                             idx_matpg_relatt_ids                                               Index                 <null>                                              mmuid:053375a4-3971-4705-9146-9ecc640022c2          2            18         
PartsSupplier                                                      pg_catalog                                                         matpg_relatt                                                       attrelid                                                           idx_matpg_relatt_ids                                               Index                 <null>                                              mmuid:053375a4-3971-4705-9146-9ecc640022c2          1            17         
PartsSupplier                                                      pg_catalog                                                         matpg_datatype                                                     name                                                               matpg_datatype_names                                               Primary               <null>                                              mmuid:542872fe-66ec-43b3-9486-ee25088b7248          2            11         
PartsSupplier                                                      pg_catalog                                                         matpg_relatt                                                       nspname                                                            pk_matpg_relatt_names                                              Primary               <null>                                              mmuid:17448311-6679-4dfd-aeb6-4aabbd894729          3            16         
PartsSupplier                                                      pg_catalog                                                         matpg_datatype                                                     oid                                                                matpg_datatype_ids                                                 Index                 <null>                                              mmuid:68ba97de-981f-49ed-873a-60f0e9d76b6f          2            13         
PartsSupplier                                                      pg_catalog                                                         matpg_datatype                                                     oid                                                                matpg_datatype_names                                               Primary               <null>                                              mmuid:542872fe-66ec-43b3-9486-ee25088b7248          1            10         
PartsSupplier                                                      pg_catalog                                                         pg_attribute                                                       oid                                                                pk_pg_attr                                                         Primary               <null>                                              mmuid:649c1635-60ad-4c28-9b20-035c562bb1be          1            19         
PartsSupplier                                                      pg_catalog                                                         pg_class                                                           oid                                                                pk_pg_class                                                        Primary               <null>                                              mmuid:59f7dc95-95fe-4d90-9813-1a097188e768          1            20         
PartsSupplier                                                      pg_catalog                                                         pg_index                                                           oid                                                                pk_pg_index                                                        Primary               <null>                                              mmuid:3c67619c-7d8f-4378-b7e9-84a0451ea5e5          1            21         
PartsSupplier                                                      pg_catalog                                                         pg_proc                                                            oid                                                                pk_pg_proc                                                         Primary               <null>                                              mmuid:635b6634-632c-43c9-8cc7-bcaa016133e8          1            22         
PartsSupplier                                                      pg_catalog                                                         matpg_relatt                                                       relname                                                            pk_matpg_relatt_names                                              Primary               <null>                                              mmuid:17448311-6679-4dfd-aeb6-4aabbd894729          2            15         
PartsSupplier                                                      pg_catalog                                                         matpg_datatype                                                     typname                                                            matpg_datatype_ids                                                 Index                 <null>                                              mmuid:68ba97de-981f-49ed-873a-60f0e9d76b6f          1            12         
Row Count : 22
getColumnName  getColumnType  getCatalogName  getColumnClassName  getColumnLabel  getColumnTypeName  getSchemaName  getTableName  getColumnDisplaySize  getPrecision  getScale  isAutoIncrement  isCaseSensitive  isCurrency  isDefinitelyWritable  isNullable  isReadOnly  isSearchable  isSigned  isWritable  
VDBName        12             PartsSupplier   java.lang.String    VDBName         string             SYS            KeyColumns    255                   255           0         false            false            false       false                 0           true        true          false     false       
SchemaName     12             PartsSupplier   java.lang.String    SchemaName      string             SYS            KeyColumns    255                   255           0         false            true             false       true                  1           false       true          true      true        
TableName      12             PartsSupplier   java.lang.String    TableName       string             SYS            KeyColumns    2048                  2048          0         false            true             false       false                 0           true        true          false     false       
Name           12             PartsSupplier   java.lang.String    Name            string             SYS            KeyColumns    255                   255           0         false            false            false       false                 0           true        true          false     false       
KeyName        12             PartsSupplier   java.lang.String    KeyName         string             SYS            KeyColumns    255                   255           0         false            false            false       false                 1           true        true          false     false       
KeyType        12             PartsSupplier   java.lang.String    KeyType         string             SYS            KeyColumns    20                    20            0         false            false            false       false                 0           true        true          false     false       
RefKeyUID      12             PartsSupplier   java.lang.String    RefKeyUID       string             SYS            KeyColumns    50                    50            0         false            false            false       false                 1           true        true          false     false       
UID            12             PartsSupplier   java.lang.String    UID             string             SYS            KeyColumns    50                    50            0         false            false            false       false                 0           true        true          false     false       
Position       4              PartsSupplier   java.lang.Integer   Position        integer            SYS            KeyColumns    11                    10            0         false            true             false       true                  1           false       true          true      true        
OID            4              PartsSupplier   java.lang.Integer   OID             integer            SYS            KeyColumns    11                    10            0         false            false            false       false                 0           true        true          false     false       
