int4         varchar                                                            bool       int4         int2      oidvector    _text                                                              _char        _oid            int4        
oid          proname                                                            proretset  prorettype   pronargs  proargtypes  proargnames                                                        proargmodes  proallargtypes  pronamespace
385          getXMLSchemas                                                      true       2249         1         1043         {"document","schema"}                                              {i,t}        {1043,142}      95          
462          isLoggable                                                         false      16           2         1043 1043    {"level","context"}                                                <null>       <null>          388         
466          loadMatView                                                        false      23           3         1043 1043 1$ {"schemaName","viewName","invalidate"}                             <null>       {1043,1043,16}  388         
471          logMsg                                                             false      16           3         1043 1043 2$ {"level","context","msg"}                                          <null>       {1043,1043,228$ 388         
476          matViewStatus                                                      true       2249         2         1043 1043    {"schemaName","viewName","TargetSchemaName","TargetName","Valid",$ {i,i,t,t,t,$ {1043,1043,104$ 388         
487          refreshMatView                                                     false      23           2         1043 16      {"ViewName","Invalidate"}                                          <null>       {1043,16}       388         
491          refreshMatViewRow                                                  false      23           3         1043 2283 2$ {"ViewName","Key","KeyOther"}                                      <null>       {1043,2283,228$ 388         
496          refreshMatViewRows                                                 false      23           2         1043 0       {"ViewName","Key"}                                                 <null>       <null>          388         
500          setColumnStats                                                     false      2278         6         1043 1043 2$ {"tableName","columnName","distinctCount","nullCount","max","min"$ <null>       {1043,1043,20,$ 388         
507          setProperty                                                        false      25           3         1043 1043 2$ {"UID","Name","Value"}                                             <null>       {1043,1043,25}  388         
512          setTableStats                                                      false      2278         2         1043 20      {"tableName","cardinality"}                                        <null>       {1043,20}       388         
515          updateMatView                                                      false      23           3         1043 1043 1$ {"schemaName","viewName","refreshCriteria"}                        <null>       <null>          388         
Row Count : 12
getColumnName   getColumnType  getCatalogName  getColumnClassName  getColumnLabel  getColumnTypeName  getSchemaName  getTableName  getColumnDisplaySize  getPrecision  getScale  isAutoIncrement  isCaseSensitive  isCurrency  isDefinitelyWritable  isNullable  isReadOnly  isSearchable  isSigned  isWritable  
oid             4                              java.lang.Integer   oid             int4                                            11                    10            0         false            false            false       false                 1           false       true          true      true        
proname         12                             java.lang.String    proname         varchar                                         4000                  4000          0         false            true             false       false                 1           false       true          false     true        
proretset       -7                             java.lang.Boolean   proretset       bool                                            1                     1             0         false            false            false       false                 1           false       true          false     true        
prorettype      4                              java.lang.Integer   prorettype      int4                                            11                    10            0         false            false            false       false                 1           false       true          true      true        
pronargs        5                              java.lang.Integer   pronargs        int2                                            6                     5             0         false            false            false       false                 1           false       true          true      true        
proargtypes     1111                           java.lang.Object    proargtypes     oidvector                                       10                    10            0         false            false            false       false                 1           false       true          false     true        
proargnames     2003                           java.sql.Array      proargnames     _text                                           2147483647            2147483647    0         false            true             false       false                 1           false       true          false     true        
proargmodes     2003                           java.sql.Array      proargmodes     _char                                           1                     1             0         false            true             false       false                 1           false       true          false     true        
proallargtypes  2003                           java.sql.Array      proallargtypes  _oid                                            10                    10            0         false            false            false       false                 1           false       true          false     true        
pronamespace    4                              java.lang.Integer   pronamespace    int4                                            11                    10            0         false            false            false       false                 1           false       true          true      true        
